Archive member included to satisfy reference by file (symbol)

c:/st/stm32cubeide_1.7.0/stm32cubeide/plugins/com.st.stm32cube.ide.mcu.externaltools.gnu-tools-for-stm32.9-2020-q2-update.win32_2.0.0.202105311346/tools/bin/../lib/gcc/arm-none-eabi/9.3.1/../../../../arm-none-eabi/lib/thumb/v7-m/nofp\libstdc++_nano.a(pure.o)
                              ./Core/Src/main.o (__cxa_pure_virtual)
c:/st/stm32cubeide_1.7.0/stm32cubeide/plugins/com.st.stm32cube.ide.mcu.externaltools.gnu-tools-for-stm32.9-2020-q2-update.win32_2.0.0.202105311346/tools/bin/../lib/gcc/arm-none-eabi/9.3.1/../../../../arm-none-eabi/lib/thumb/v7-m/nofp\libstdc++_nano.a(eh_terminate.o)
                              c:/st/stm32cubeide_1.7.0/stm32cubeide/plugins/com.st.stm32cube.ide.mcu.externaltools.gnu-tools-for-stm32.9-2020-q2-update.win32_2.0.0.202105311346/tools/bin/../lib/gcc/arm-none-eabi/9.3.1/../../../../arm-none-eabi/lib/thumb/v7-m/nofp\libstdc++_nano.a(pure.o) (std::terminate())
c:/st/stm32cubeide_1.7.0/stm32cubeide/plugins/com.st.stm32cube.ide.mcu.externaltools.gnu-tools-for-stm32.9-2020-q2-update.win32_2.0.0.202105311346/tools/bin/../lib/gcc/arm-none-eabi/9.3.1/../../../../arm-none-eabi/lib/thumb/v7-m/nofp\libstdc++_nano.a(eh_unex_handler.o)
                              c:/st/stm32cubeide_1.7.0/stm32cubeide/plugins/com.st.stm32cube.ide.mcu.externaltools.gnu-tools-for-stm32.9-2020-q2-update.win32_2.0.0.202105311346/tools/bin/../lib/gcc/arm-none-eabi/9.3.1/../../../../arm-none-eabi/lib/thumb/v7-m/nofp\libstdc++_nano.a(eh_terminate.o) (__cxxabiv1::__unexpected_handler)
c:/st/stm32cubeide_1.7.0/stm32cubeide/plugins/com.st.stm32cube.ide.mcu.externaltools.gnu-tools-for-stm32.9-2020-q2-update.win32_2.0.0.202105311346/tools/bin/../lib/gcc/arm-none-eabi/9.3.1/../../../../arm-none-eabi/lib/thumb/v7-m/nofp\libstdc++_nano.a(eh_term_handler.o)
                              c:/st/stm32cubeide_1.7.0/stm32cubeide/plugins/com.st.stm32cube.ide.mcu.externaltools.gnu-tools-for-stm32.9-2020-q2-update.win32_2.0.0.202105311346/tools/bin/../lib/gcc/arm-none-eabi/9.3.1/../../../../arm-none-eabi/lib/thumb/v7-m/nofp\libstdc++_nano.a(eh_terminate.o) (__cxxabiv1::__terminate_handler)
c:/st/stm32cubeide_1.7.0/stm32cubeide/plugins/com.st.stm32cube.ide.mcu.externaltools.gnu-tools-for-stm32.9-2020-q2-update.win32_2.0.0.202105311346/tools/bin/../lib/gcc/arm-none-eabi/9.3.1/../../../../arm-none-eabi/lib/thumb/v7-m/nofp\libc_nano.a(lib_a-abort.o)
                              c:/st/stm32cubeide_1.7.0/stm32cubeide/plugins/com.st.stm32cube.ide.mcu.externaltools.gnu-tools-for-stm32.9-2020-q2-update.win32_2.0.0.202105311346/tools/bin/../lib/gcc/arm-none-eabi/9.3.1/../../../../arm-none-eabi/lib/thumb/v7-m/nofp\libstdc++_nano.a(eh_terminate.o) (abort)
c:/st/stm32cubeide_1.7.0/stm32cubeide/plugins/com.st.stm32cube.ide.mcu.externaltools.gnu-tools-for-stm32.9-2020-q2-update.win32_2.0.0.202105311346/tools/bin/../lib/gcc/arm-none-eabi/9.3.1/../../../../arm-none-eabi/lib/thumb/v7-m/nofp\libc_nano.a(lib_a-errno.o)
                              ./Core/Src/syscalls.o (__errno)
c:/st/stm32cubeide_1.7.0/stm32cubeide/plugins/com.st.stm32cube.ide.mcu.externaltools.gnu-tools-for-stm32.9-2020-q2-update.win32_2.0.0.202105311346/tools/bin/../lib/gcc/arm-none-eabi/9.3.1/../../../../arm-none-eabi/lib/thumb/v7-m/nofp\libc_nano.a(lib_a-exit.o)
                              c:/st/stm32cubeide_1.7.0/stm32cubeide/plugins/com.st.stm32cube.ide.mcu.externaltools.gnu-tools-for-stm32.9-2020-q2-update.win32_2.0.0.202105311346/tools/bin/../lib/gcc/arm-none-eabi/9.3.1/../../../../arm-none-eabi/lib/thumb/v7-m/nofp/crt0.o (exit)
c:/st/stm32cubeide_1.7.0/stm32cubeide/plugins/com.st.stm32cube.ide.mcu.externaltools.gnu-tools-for-stm32.9-2020-q2-update.win32_2.0.0.202105311346/tools/bin/../lib/gcc/arm-none-eabi/9.3.1/../../../../arm-none-eabi/lib/thumb/v7-m/nofp\libc_nano.a(lib_a-impure.o)
                              c:/st/stm32cubeide_1.7.0/stm32cubeide/plugins/com.st.stm32cube.ide.mcu.externaltools.gnu-tools-for-stm32.9-2020-q2-update.win32_2.0.0.202105311346/tools/bin/../lib/gcc/arm-none-eabi/9.3.1/../../../../arm-none-eabi/lib/thumb/v7-m/nofp\libc_nano.a(lib_a-exit.o) (_global_impure_ptr)
c:/st/stm32cubeide_1.7.0/stm32cubeide/plugins/com.st.stm32cube.ide.mcu.externaltools.gnu-tools-for-stm32.9-2020-q2-update.win32_2.0.0.202105311346/tools/bin/../lib/gcc/arm-none-eabi/9.3.1/../../../../arm-none-eabi/lib/thumb/v7-m/nofp\libc_nano.a(lib_a-init.o)
                              c:/st/stm32cubeide_1.7.0/stm32cubeide/plugins/com.st.stm32cube.ide.mcu.externaltools.gnu-tools-for-stm32.9-2020-q2-update.win32_2.0.0.202105311346/tools/bin/../lib/gcc/arm-none-eabi/9.3.1/../../../../arm-none-eabi/lib/thumb/v7-m/nofp/crt0.o (__libc_init_array)
[...]
Memory Configuration

Name             Origin             Length             Attributes
RAM              0x0000000020000000 0x0000000000010000 xrw
FLASH            0x0000000008000000 0x0000000000080000 xr
*default*        0x0000000000000000 0xffffffffffffffff

Linker script and memory map

LOAD c:/st/stm32cubeide_1.7.0/stm32cubeide/plugins/com.st.stm32cube.ide.mcu.externaltools.gnu-tools-for-stm32.9-2020-q2-update.win32_2.0.0.202105311346/tools/bin/../lib/gcc/arm-none-eabi/9.3.1/thumb/v7-m/nofp/crti.o
LOAD c:/st/stm32cubeide_1.7.0/stm32cubeide/plugins/com.st.stm32cube.ide.mcu.externaltools.gnu-tools-for-stm32.9-2020-q2-update.win32_2.0.0.202105311346/tools/bin/../lib/gcc/arm-none-eabi/9.3.1/thumb/v7-m/nofp/crtbegin.o
LOAD c:/st/stm32cubeide_1.7.0/stm32cubeide/plugins/com.st.stm32cube.ide.mcu.externaltools.gnu-tools-for-stm32.9-2020-q2-update.win32_2.0.0.202105311346/tools/bin/../lib/gcc/arm-none-eabi/9.3.1/../../../../arm-none-eabi/lib/thumb/v7-m/nofp/crt0.o
LOAD ./Core/Src/main.o
LOAD ./Core/Src/stm32f1xx_hal_msp.o
LOAD ./Core/Src/stm32f1xx_it.o
LOAD ./Core/Src/syscalls.o
LOAD ./Core/Src/sysmem.o
LOAD ./Core/Src/system_stm32f1xx.o
LOAD ./Core/Startup/startup_stm32f103retx.o
LOAD ./Drivers/STM32F1xx_HAL_Driver/Src/stm32f1xx_hal.o
LOAD ./Drivers/STM32F1xx_HAL_Driver/Src/stm32f1xx_hal_adc.o
LOAD ./Drivers/STM32F1xx_HAL_Driver/Src/stm32f1xx_hal_adc_ex.o
LOAD ./Drivers/STM32F1xx_HAL_Driver/Src/stm32f1xx_hal_can.o
LOAD ./Drivers/STM32F1xx_HAL_Driver/Src/stm32f1xx_hal_cortex.o
LOAD ./Drivers/STM32F1xx_HAL_Driver/Src/stm32f1xx_hal_dma.o
LOAD ./Drivers/STM32F1xx_HAL_Driver/Src/stm32f1xx_hal_exti.o
LOAD ./Drivers/STM32F1xx_HAL_Driver/Src/stm32f1xx_hal_flash.o
LOAD ./Drivers/STM32F1xx_HAL_Driver/Src/stm32f1xx_hal_flash_ex.o
LOAD ./Drivers/STM32F1xx_HAL_Driver/Src/stm32f1xx_hal_gpio.o
LOAD ./Drivers/STM32F1xx_HAL_Driver/Src/stm32f1xx_hal_gpio_ex.o
LOAD ./Drivers/STM32F1xx_HAL_Driver/Src/stm32f1xx_hal_pwr.o
LOAD ./Drivers/STM32F1xx_HAL_Driver/Src/stm32f1xx_hal_rcc.o
LOAD ./Drivers/STM32F1xx_HAL_Driver/Src/stm32f1xx_hal_rcc_ex.o
LOAD ./Drivers/STM32F1xx_HAL_Driver/Src/stm32f1xx_hal_tim.o
LOAD ./Drivers/STM32F1xx_HAL_Driver/Src/stm32f1xx_hal_tim_ex.o
LOAD ./Drivers/STM32F1xx_HAL_Driver/Src/stm32f1xx_hal_uart.o
START GROUP
LOAD c:/st/stm32cubeide_1.7.0/stm32cubeide/plugins/com.st.stm32cube.ide.mcu.externaltools.gnu-tools-for-stm32.9-2020-q2-update.win32_2.0.0.202105311346/tools/bin/../lib/gcc/arm-none-eabi/9.3.1/../../../../arm-none-eabi/lib/thumb/v7-m/nofp\libstdc++_nano.a
LOAD c:/st/stm32cubeide_1.7.0/stm32cubeide/plugins/com.st.stm32cube.ide.mcu.externaltools.gnu-tools-for-stm32.9-2020-q2-update.win32_2.0.0.202105311346/tools/bin/../lib/gcc/arm-none-eabi/9.3.1/../../../../arm-none-eabi/lib/thumb/v7-m/nofp\libsupc++_nano.a
END GROUP
LOAD c:/st/stm32cubeide_1.7.0/stm32cubeide/plugins/com.st.stm32cube.ide.mcu.externaltools.gnu-tools-for-stm32.9-2020-q2-update.win32_2.0.0.202105311346/tools/bin/../lib/gcc/arm-none-eabi/9.3.1/../../../../arm-none-eabi/lib/thumb/v7-m/nofp\libstdc++_nano.a
LOAD c:/st/stm32cubeide_1.7.0/stm32cubeide/plugins/com.st.stm32cube.ide.mcu.externaltools.gnu-tools-for-stm32.9-2020-q2-update.win32_2.0.0.202105311346/tools/bin/../lib/gcc/arm-none-eabi/9.3.1/../../../../arm-none-eabi/lib/thumb/v7-m/nofp\libm.a
LOAD c:/st/stm32cubeide_1.7.0/stm32cubeide/plugins/com.st.stm32cube.ide.mcu.externaltools.gnu-tools-for-stm32.9-2020-q2-update.win32_2.0.0.202105311346/tools/bin/../lib/gcc/arm-none-eabi/9.3.1/../../../../arm-none-eabi/lib/thumb/v7-m/nofp\libc_nano.a
START GROUP
LOAD c:/st/stm32cubeide_1.7.0/stm32cubeide/plugins/com.st.stm32cube.ide.mcu.externaltools.gnu-tools-for-stm32.9-2020-q2-update.win32_2.0.0.202105311346/tools/bin/../lib/gcc/arm-none-eabi/9.3.1/thumb/v7-m/nofp\libgcc.a
LOAD c:/st/stm32cubeide_1.7.0/stm32cubeide/plugins/com.st.stm32cube.ide.mcu.externaltools.gnu-tools-for-stm32.9-2020-q2-update.win32_2.0.0.202105311346/tools/bin/../lib/gcc/arm-none-eabi/9.3.1/../../../../arm-none-eabi/lib/thumb/v7-m/nofp\libc_nano.a
END GROUP
START GROUP
LOAD c:/st/stm32cubeide_1.7.0/stm32cubeide/plugins/com.st.stm32cube.ide.mcu.externaltools.gnu-tools-for-stm32.9-2020-q2-update.win32_2.0.0.202105311346/tools/bin/../lib/gcc/arm-none-eabi/9.3.1/thumb/v7-m/nofp\libgcc.a
LOAD c:/st/stm32cubeide_1.7.0/stm32cubeide/plugins/com.st.stm32cube.ide.mcu.externaltools.gnu-tools-for-stm32.9-2020-q2-update.win32_2.0.0.202105311346/tools/bin/../lib/gcc/arm-none-eabi/9.3.1/../../../../arm-none-eabi/lib/thumb/v7-m/nofp\libc_nano.a
LOAD c:/st/stm32cubeide_1.7.0/stm32cubeide/plugins/com.st.stm32cube.ide.mcu.externaltools.gnu-tools-for-stm32.9-2020-q2-update.win32_2.0.0.202105311346/tools/bin/../lib/gcc/arm-none-eabi/9.3.1/../../../../arm-none-eabi/lib/thumb/v7-m/nofp\libnosys.a
END GROUP
START GROUP
LOAD c:/st/stm32cubeide_1.7.0/stm32cubeide/plugins/com.st.stm32cube.ide.mcu.externaltools.gnu-tools-for-stm32.9-2020-q2-update.win32_2.0.0.202105311346/tools/bin/../lib/gcc/arm-none-eabi/9.3.1/thumb/v7-m/nofp\libgcc.a
LOAD c:/st/stm32cubeide_1.7.0/stm32cubeide/plugins/com.st.stm32cube.ide.mcu.externaltools.gnu-tools-for-stm32.9-2020-q2-update.win32_2.0.0.202105311346/tools/bin/../lib/gcc/arm-none-eabi/9.3.1/../../../../arm-none-eabi/lib/thumb/v7-m/nofp\libc_nano.a
LOAD c:/st/stm32cubeide_1.7.0/stm32cubeide/plugins/com.st.stm32cube.ide.mcu.externaltools.gnu-tools-for-stm32.9-2020-q2-update.win32_2.0.0.202105311346/tools/bin/../lib/gcc/arm-none-eabi/9.3.1/../../../../arm-none-eabi/lib/thumb/v7-m/nofp\libnosys.a
END GROUP
LOAD c:/st/stm32cubeide_1.7.0/stm32cubeide/plugins/com.st.stm32cube.ide.mcu.externaltools.gnu-tools-for-stm32.9-2020-q2-update.win32_2.0.0.202105311346/tools/bin/../lib/gcc/arm-none-eabi/9.3.1/thumb/v7-m/nofp/crtend.o
LOAD c:/st/stm32cubeide_1.7.0/stm32cubeide/plugins/com.st.stm32cube.ide.mcu.externaltools.gnu-tools-for-stm32.9-2020-q2-update.win32_2.0.0.202105311346/tools/bin/../lib/gcc/arm-none-eabi/9.3.1/thumb/v7-m/nofp/crtn.o
                0x0000000020010000                _estack = (ORIGIN (RAM) + LENGTH (RAM))
                0x0000000000000200                _Min_Heap_Size = 0x200
                0x0000000000000400                _Min_Stack_Size = 0x400

.isr_vector     0x0000000008000000      0x1e4
                0x0000000008000000                . = ALIGN (0x4)
 *(.isr_vector)
 .isr_vector    0x0000000008000000      0x1e4 ./Core/Startup/startup_stm32f103retx.o
                0x0000000008000000                g_pfnVectors
                0x00000000080001e4                . = ALIGN (0x4)

.text           0x00000000080001e4     0x91f8
                0x00000000080001e4                . = ALIGN (0x4)
 *(.text)
 .text          0x00000000080001e4       0x40 c:/st/stm32cubeide_1.7.0/stm32cubeide/plugins/com.st.stm32cube.ide.mcu.externaltools.gnu-tools-for-stm32.9-2020-q2-update.win32_2.0.0.202105311346/tools/bin/../lib/gcc/arm-none-eabi/9.3.1/thumb/v7-m/nofp/crtbegin.o
 .text          0x0000000008000224      0x168 c:/st/stm32cubeide_1.7.0/stm32cubeide/plugins/com.st.stm32cube.ide.mcu.externaltools.gnu-tools-for-stm32.9-2020-q2-update.win32_2.0.0.202105311346/tools/bin/../lib/gcc/arm-none-eabi/9.3.1/thumb/v7-m/nofp\libgcc.a(_arm_mulsf3.o)
                0x0000000008000224                __aeabi_fmul
                0x0000000008000224                __mulsf3
 .text          0x000000000800038c      0x21c c:/st/stm32cubeide_1.7.0/stm32cubeide/plugins/com.st.stm32cube.ide.mcu.externaltools.gnu-tools-for-stm32.9-2020-q2-update.win32_2.0.0.202105311346/tools/bin/../lib/gcc/arm-none-eabi/9.3.1/thumb/v7-m/nofp\libgcc.a(_arm_addsubsf3.o)
                0x000000000800038c                __aeabi_frsub
                0x0000000008000394                __subsf3
                0x0000000008000394                __aeabi_fsub
                0x0000000008000398                __aeabi_fadd
                0x0000000008000398                __addsf3
                0x00000000080004f8                __aeabi_ui2f
                0x00000000080004f8                __floatunsisf
                0x0000000008000500                __aeabi_i2f
                0x0000000008000500                __floatsisf
                0x000000000800051c                __aeabi_ul2f
                0x000000000800051c                __floatundisf
                0x000000000800052c                __aeabi_l2f
                0x000000000800052c                __floatdisf
 .text          0x00000000080005a8       0x40 c:/st/stm32cubeide_1.7.0/stm32cubeide/plugins/com.st.stm32cube.ide.mcu.externaltools.gnu-tools-for-stm32.9-2020-q2-update.win32_2.0.0.202105311346/tools/bin/../lib/gcc/arm-none-eabi/9.3.1/thumb/v7-m/nofp\libgcc.a(_arm_fixunssfsi.o)
                0x00000000080005a8                __fixunssfsi
                0x00000000080005a8                __aeabi_f2uiz
 *(.text*)
 .text._ZN9Publisher9subscribeEP10Subscriber
                0x00000000080005e8       0x1c ./Core/Src/main.o
                0x00000000080005e8                Publisher::subscribe(Subscriber*)
 .text._ZN9Publisher11unsubscribeEP10Subscriber
                0x0000000008000604       0x1c ./Core/Src/main.o
                0x0000000008000604                Publisher::unsubscribe(Subscriber*)
 .text._ZN9Publisher6notifyEv
                0x0000000008000620       0x6e ./Core/Src/main.o
                0x0000000008000620                Publisher::notify()
 .text._ZN9PublisherC2Ev
                0x000000000800068e       0x1a ./Core/Src/main.o
                0x000000000800068e                Publisher::Publisher()
                0x000000000800068e                Publisher::Publisher()
 .text._ZN11TickUpdater7SubtickC2Ev
                0x00000000080006a8       0x1a ./Core/Src/main.o
                0x00000000080006a8                TickUpdater::Subtick::Subtick()
                0x00000000080006a8                TickUpdater::Subtick::Subtick()
 *fill*         0x00000000080006c2        0x2 
 .text._ZN11TickUpdaterC2Ev
                0x00000000080006c4       0x48 ./Core/Src/main.o
                0x00000000080006c4                TickUpdater::TickUpdater()
                0x00000000080006c4                TickUpdater::TickUpdater()
 .text.HAL_IncTick
                0x000000000800070c       0x14 ./Core/Src/main.o
                0x000000000800070c                HAL_IncTick
 .text._ZN14TickSubscriber9subscribeEv
                0x0000000008000720       0x34 ./Core/Src/main.o
                0x0000000008000720                TickSubscriber::subscribe()
 .text._ZN14TickSubscriber11unsubscribeEv
                0x0000000008000754       0x2c ./Core/Src/main.o
                0x0000000008000754                TickSubscriber::unsubscribe()
 .text._ZN10SubscriberC2Ev
                0x0000000008000780       0x20 ./Core/Src/main.o
                0x0000000008000780                Subscriber::Subscriber()
                0x0000000008000780                Subscriber::Subscriber()
 .text._ZN14TickSubscriberC2Ev
                0x00000000080007a0       0x24 ./Core/Src/main.o
                0x00000000080007a0                TickSubscriber::TickSubscriber()
                0x00000000080007a0                TickSubscriber::TickSubscriber()
 .text._ZN5TimerC2Ev
                0x00000000080007c4       0x30 ./Core/Src/main.o
                0x00000000080007c4                Timer::Timer()
                0x00000000080007c4                Timer::Timer()
 .text._ZN5Timer6notifyEv
                0x00000000080007f4       0x1c ./Core/Src/main.o
                0x00000000080007f4                Timer::notify()
 .text._ZZN11TickUpdater9interruptEvENKUlvE_clEv
                0x0000000008000810       0x1a ./Core/Src/main.o
 .text._ZN11TickUpdater9interruptEv
                0x000000000800082a       0x22 ./Core/Src/main.o
                0x000000000800082a                TickUpdater::interrupt()
 .text._ZN5Timer5startEm
                0x000000000800084c       0x26 ./Core/Src/main.o
                0x000000000800084c                Timer::start(unsigned long)
 .text._ZN5Timer5eventEv
                0x0000000008000872       0x34 ./Core/Src/main.o
                0x0000000008000872                Timer::event()
 .text._ZN5Timer4stopEv
                0x00000000080008a6       0x1e ./Core/Src/main.o
                0x00000000080008a6                Timer::stop()
 .text._ZN5Timer4doneEv
                0x00000000080008c4       0x24 ./Core/Src/main.o
                0x00000000080008c4                Timer::done()
 .text._ZN3PinC2EP12GPIO_TypeDeft
                0x00000000080008e8       0x26 ./Core/Src/main.o
                0x00000000080008e8                Pin::Pin(GPIO_TypeDef*, unsigned short)
                0x00000000080008e8                Pin::Pin(GPIO_TypeDef*, unsigned short)
 .text._ZN3Pin3setEv
                0x000000000800090e       0x20 ./Core/Src/main.o
                0x000000000800090e                Pin::set()
 .text._ZN3Pin5clearEv
                0x000000000800092e       0x20 ./Core/Src/main.o
                0x000000000800092e                Pin::clear()
 .text._ZN3Pin6is_setEv
                0x000000000800094e       0x2c ./Core/Src/main.o
                0x000000000800094e                Pin::is_set()
 .text._ZN3PinaSEb
                0x000000000800097a       0x2a ./Core/Src/main.o
                0x000000000800097a                Pin::operator=(bool)
 .text._ZN3PincvbEv
                0x00000000080009a4       0x18 ./Core/Src/main.o
                0x00000000080009a4                Pin::operator bool()
 .text._ZN9Interrupt9subscribeEP12Interrupting
                0x00000000080009bc       0x1a ./Core/Src/main.o
                0x00000000080009bc                Interrupt::subscribe(Interrupting*)
 .text._ZN9Interrupt9interruptEv
                0x00000000080009d6       0x20 ./Core/Src/main.o
                0x00000000080009d6                Interrupt::interrupt()
 *fill*         0x00000000080009f6        0x2 
 .text._ZN4ADC_13adc_interruptEv
                0x00000000080009f8       0x1c ./Core/Src/main.o
                0x00000000080009f8                ADC_::adc_interrupt()
 .text._ZN4ADC_22adc_injected_interruptEv
                0x0000000008000a14      0x14c ./Core/Src/main.o
                0x0000000008000a14                ADC_::adc_injected_interrupt()
 .text._ZN12InterruptingC2Ev
                0x0000000008000b60       0x20 ./Core/Src/main.o
                0x0000000008000b60                Interrupting::Interrupting()
                0x0000000008000b60                Interrupting::Interrupting()
 .text._ZN4ADC_13ADC_interruptC2ERS_
                0x0000000008000b80       0x3c ./Core/Src/main.o
                0x0000000008000b80                ADC_::ADC_interrupt::ADC_interrupt(ADC_&)
                0x0000000008000b80                ADC_::ADC_interrupt::ADC_interrupt(ADC_&)
 .text._ZN4ADC_13ADC_interrupt9interruptEv
                0x0000000008000bbc       0x1a ./Core/Src/main.o
                0x0000000008000bbc                ADC_::ADC_interrupt::interrupt()
 *fill*         0x0000000008000bd6        0x2 
 .text._ZN4ADC_17ADC_INJ_interruptC2ERS_
                0x0000000008000bd8       0x3c ./Core/Src/main.o
                0x0000000008000bd8                ADC_::ADC_INJ_interrupt::ADC_INJ_interrupt(ADC_&)
                0x0000000008000bd8                ADC_::ADC_INJ_interrupt::ADC_INJ_interrupt(ADC_&)
 .text._ZN4ADC_17ADC_INJ_interrupt9interruptEv
                0x0000000008000c14       0x1a ./Core/Src/main.o
                0x0000000008000c14                ADC_::ADC_INJ_interrupt::interrupt()
 *fill*         0x0000000008000c2e        0x2 
 .text._ZN4ADC_C2ER9InterruptS1_ht
                0x0000000008000c30       0xe8 ./Core/Src/main.o
                0x0000000008000c30                ADC_::ADC_(Interrupt&, Interrupt&, unsigned char, unsigned short)
                0x0000000008000c30                ADC_::ADC_(Interrupt&, Interrupt&, unsigned char, unsigned short)
 .text._ZN4ADC_14measure_offsetEv
                0x0000000008000d18       0x1a ./Core/Src/main.o
                0x0000000008000d18                ADC_::measure_offset()
 .text._ZN4ADC_13measure_valueEv
                0x0000000008000d32       0x1a ./Core/Src/main.o
                0x0000000008000d32                ADC_::measure_value()
 .text._ZN4ADC_ixEh
                0x0000000008000d4c       0x22 ./Core/Src/main.o
                0x0000000008000d4c                ADC_::operator[](unsigned char)
 .text._ZN4ADC_13current_valueEv
                0x0000000008000d6e       0x24 ./Core/Src/main.o
                0x0000000008000d6e                ADC_::current_value()
 *fill*         0x0000000008000d92        0x2 
 .text._ZN4ADC_6notifyEv
                0x0000000008000d94       0x78 ./Core/Src/main.o
                0x0000000008000d94                ADC_::notify()
 .text.HAL_ADC_ConvCpltCallback
                0x0000000008000e0c       0x28 ./Core/Src/main.o
                0x0000000008000e0c                HAL_ADC_ConvCpltCallback
 .text.HAL_ADCEx_InjectedConvCpltCallback
                0x0000000008000e34       0x28 ./Core/Src/main.o
                0x0000000008000e34                HAL_ADCEx_InjectedConvCpltCallback
 .text.HAL_UART_TxCpltCallback
                0x0000000008000e5c       0x28 ./Core/Src/main.o
                0x0000000008000e5c                HAL_UART_TxCpltCallback
 .text.HAL_UARTEx_RxEventCallback
                0x0000000008000e84       0x2c ./Core/Src/main.o
                0x0000000008000e84                HAL_UARTEx_RxEventCallback
 .text._ZN9Convertor14TIM3_interruptC2ERS_
                0x0000000008000eb0       0x3c ./Core/Src/main.o
                0x0000000008000eb0                Convertor::TIM3_interrupt::TIM3_interrupt(Convertor&)
                0x0000000008000eb0                Convertor::TIM3_interrupt::TIM3_interrupt(Convertor&)
 .text._ZN9Convertor14TIM3_interrupt9interruptEv
                0x0000000008000eec       0x1a ./Core/Src/main.o
                0x0000000008000eec                Convertor::TIM3_interrupt::interrupt()
 *fill*         0x0000000008000f06        0x2 
 .text._ZN9Convertor24adc_comparator_interruptC2ERS_
                0x0000000008000f08       0x3c ./Core/Src/main.o
                0x0000000008000f08                Convertor::adc_comparator_interrupt::adc_comparator_interrupt(Convertor&)
                0x0000000008000f08                Convertor::adc_comparator_interrupt::adc_comparator_interrupt(Convertor&)
 .text._ZN9Convertor24adc_comparator_interrupt9interruptEv
                0x0000000008000f44       0x1a ./Core/Src/main.o
                0x0000000008000f44                Convertor::adc_comparator_interrupt::interrupt()
 *fill*         0x0000000008000f5e        0x2 
 .text._ZN9Convertor17Holla_1_interruptC2ERS_
                0x0000000008000f60       0x3c ./Core/Src/main.o
                0x0000000008000f60                Convertor::Holla_1_interrupt::Holla_1_interrupt(Convertor&)
                0x0000000008000f60                Convertor::Holla_1_interrupt::Holla_1_interrupt(Convertor&)
 .text._ZN9Convertor17Holla_1_interrupt9interruptEv
                0x0000000008000f9c       0x1a ./Core/Src/main.o
                0x0000000008000f9c                Convertor::Holla_1_interrupt::interrupt()
 *fill*         0x0000000008000fb6        0x2 
 .text._ZN9Convertor16period_interruptEv
                0x0000000008000fb8       0x1c ./Core/Src/main.o
                0x0000000008000fb8                Convertor::period_interrupt()
 .text._ZN9Convertor20comparator_interruptEv
                0x0000000008000fd4       0x12 ./Core/Src/main.o
                0x0000000008000fd4                Convertor::comparator_interrupt()
 *fill*         0x0000000008000fe6        0x2 
 .text._ZN9Convertor16holla_1_callbackEv
                0x0000000008000fe8      0x498 ./Core/Src/main.o
                0x0000000008000fe8                Convertor::holla_1_callback()
 .text._ZN9ConvertorC2ER4ADC_R9InterruptS3_S3_R3PinS5_S5_S5_S5_S5_
                0x0000000008001480      0x14c ./Core/Src/main.o
                0x0000000008001480                Convertor::Convertor(ADC_&, Interrupt&, Interrupt&, Interrupt&, Pin&, Pin&, Pin&, Pin&, Pin&, Pin&)
                0x0000000008001480                Convertor::Convertor(ADC_&, Interrupt&, Interrupt&, Interrupt&, Pin&, Pin&, Pin&, Pin&, Pin&, Pin&)
 .text._ZN9Convertor7forwardEv
                0x00000000080015cc       0x24 ./Core/Src/main.o
                0x00000000080015cc                Convertor::forward()
 .text._ZN9Convertor4backEv
                0x00000000080015f0       0x24 ./Core/Src/main.o
                0x00000000080015f0                Convertor::back()
 .text._ZN9Convertor5powerEt
                0x0000000008001614       0x3c ./Core/Src/main.o
                0x0000000008001614                Convertor::power(unsigned short)
 .text._ZN9Convertor5stepsEv
                0x0000000008001650       0x18 ./Core/Src/main.o
                0x0000000008001650                Convertor::steps()
 .text._ZN9Convertor11reset_stepsEv
                0x0000000008001668       0x18 ./Core/Src/main.o
                0x0000000008001668                Convertor::reset_steps()
 .text._ZN9Convertor3fixEv
                0x0000000008001680       0x34 ./Core/Src/main.o
                0x0000000008001680                Convertor::fix()
 .text._ZN9Convertor11current_fixEv
                0x00000000080016b4       0xbc ./Core/Src/main.o
                0x00000000080016b4                Convertor::current_fix()
 .text._ZN9Convertor12current_stopEv
                0x0000000008001770       0x68 ./Core/Src/main.o
                0x0000000008001770                Convertor::current_stop()
 .text._ZN9Convertor4puskEv
                0x00000000080017d8       0xb4 ./Core/Src/main.o
                0x00000000080017d8                Convertor::pusk()
 .text._ZN9Convertor4stopEv
                0x000000000800188c       0xa0 ./Core/Src/main.o
                0x000000000800188c                Convertor::stop()
 .text._ZN9Convertor7is_workEv
                0x000000000800192c       0x18 ./Core/Src/main.o
                0x000000000800192c                Convertor::is_work()
 .text._ZN9Convertor8is_startEv
                0x0000000008001944       0x3c ./Core/Src/main.o
                0x0000000008001944                Convertor::is_start()
 .text._ZN9Convertor10equal_stepEv
                0x0000000008001980       0x1e ./Core/Src/main.o
                0x0000000008001980                Convertor::equal_step()
 .text._ZN9Convertor6notifyEv
                0x000000000800199e       0x5e ./Core/Src/main.o
                0x000000000800199e                Convertor::notify()
 .text.HAL_TIM_PeriodElapsedCallback
                0x00000000080019fc       0x28 ./Core/Src/main.o
                0x00000000080019fc                HAL_TIM_PeriodElapsedCallback
 .text.HAL_ADC_LevelOutOfWindowCallback
                0x0000000008001a24       0x28 ./Core/Src/main.o
                0x0000000008001a24                HAL_ADC_LevelOutOfWindowCallback
 .text.HAL_GPIO_EXTI_Callback
                0x0000000008001a4c       0x5c ./Core/Src/main.o
                0x0000000008001a4c                HAL_GPIO_EXTI_Callback
 .text.HAL_CAN_RxFifo0MsgPendingCallback
                0x0000000008001aa8       0x1c ./Core/Src/main.o
                0x0000000008001aa8                HAL_CAN_RxFifo0MsgPendingCallback
 .text._ZN6DriverC2ER3CANI5In_id6Out_idER7ServiceI7In_data8Out_dataER9ConvertorR3PinSD_SD_SD_SD_SD_SD_SD_SD_
                0x0000000008001ac4       0xbe ./Core/Src/main.o
                0x0000000008001ac4                Driver::Driver(CAN<In_id, Out_id>&, Service<In_data, Out_data>&, Convertor&, Pin&, Pin&, Pin&, Pin&, Pin&, Pin&, Pin&, Pin&, Pin&)
                0x0000000008001ac4                Driver::Driver(CAN<In_id, Out_id>&, Service<In_data, Out_data>&, Convertor&, Pin&, Pin&, Pin&, Pin&, Pin&, Pin&, Pin&, Pin&, Pin&)
 *fill*         0x0000000008001b82        0x2 
 .text._ZN6DriverclEv
                0x0000000008001b84      0x770 ./Core/Src/main.o
                0x0000000008001b84                Driver::operator()()
 .text.main     0x00000000080022f4      0x20c ./Core/Src/main.o
                0x00000000080022f4                main
 .text._Z18SystemClock_Configv
                0x0000000008002500       0xda ./Core/Src/main.o
                0x0000000008002500                SystemClock_Config()
 *fill*         0x00000000080025da        0x2 
 .text._ZL12MX_ADC1_Initv
                0x00000000080025dc       0xe0 ./Core/Src/main.o
 .text._ZL12MX_ADC2_Initv
                0x00000000080026bc       0xb0 ./Core/Src/main.o
 .text._ZL11MX_CAN_Initv
                0x000000000800276c       0xbc ./Core/Src/main.o
 .text._ZL12MX_TIM1_Initv
                0x0000000008002828      0x174 ./Core/Src/main.o
 .text._ZL12MX_TIM3_Initv
                0x000000000800299c       0xcc ./Core/Src/main.o
 .text._ZL19MX_USART3_UART_Initv
                0x0000000008002a68       0x5c ./Core/Src/main.o
 .text._ZL11MX_DMA_Initv
                0x0000000008002ac4       0x5c ./Core/Src/main.o
 .text._ZL12MX_GPIO_Initv
                0x0000000008002b20      0x184 ./Core/Src/main.o
 .text.Error_Handler
                0x0000000008002ca4        0xa ./Core/Src/main.o
                0x0000000008002ca4                Error_Handler
 .text._ZN13Static_vectorIP10SubscriberLh12EE9push_backES1_
                0x0000000008002cae       0x38 ./Core/Src/main.o
                0x0000000008002cae                Static_vector<Subscriber*, (unsigned char)12>::push_back(Subscriber*)
 .text._ZN13Static_vectorIP10SubscriberLh12EE6removeES1_
                0x0000000008002ce6       0x7e ./Core/Src/main.o
                0x0000000008002ce6                Static_vector<Subscriber*, (unsigned char)12>::remove(Subscriber*)
 .text._ZNK13Static_vectorIP10SubscriberLh12EE4cendEv
                0x0000000008002d64       0x18 ./Core/Src/main.o
                0x0000000008002d64                Static_vector<Subscriber*, (unsigned char)12>::cend() const
 .text._ZNK13Static_vectorIP10SubscriberLh12EEixEj
                0x0000000008002d7c       0x1c ./Core/Src/main.o
                0x0000000008002d7c                Static_vector<Subscriber*, (unsigned char)12>::operator[](unsigned int) const
 .text._ZN13Static_vectorIP10SubscriberLh12EEC2Ev
                0x0000000008002d98       0x14 ./Core/Src/main.o
                0x0000000008002d98                Static_vector<Subscriber*, (unsigned char)12>::Static_vector()
                0x0000000008002d98                Static_vector<Subscriber*, (unsigned char)12>::Static_vector()
 .text._ZN10SystemTick13initInterruptILt1000EEEvv
                0x0000000008002dac       0x2c ./Core/Src/main.o
                0x0000000008002dac                void SystemTick::initInterrupt<(unsigned short)1000>()
 .text._Z18every_qty_cnt_callIZN11TickUpdater9interruptEvEUlvE_EvRjjT_
                0x0000000008002dd8       0x42 ./Core/Src/main.o
 *fill*         0x0000000008002e1a        0x2 
 .text._ZN7ServiceI7In_data8Out_dataEclEv
                0x0000000008002e1c      0x2d0 ./Core/Src/main.o
                0x0000000008002e1c                Service<In_data, Out_data>::operator()()
 .text._ZN5UART_ILj26EEC2ER3Pin
                0x00000000080030ec       0x24 ./Core/Src/main.o
                0x00000000080030ec                UART_<26u>::UART_(Pin&)
                0x00000000080030ec                UART_<26u>::UART_(Pin&)
 .text._ZN3CANI5In_id6Out_idEC2ER3PinR9Interruptt
                0x0000000008003110      0x120 ./Core/Src/main.o
                0x0000000008003110                CAN<In_id, Out_id>::CAN(Pin&, Interrupt&, unsigned short)
                0x0000000008003110                CAN<In_id, Out_id>::CAN(Pin&, Interrupt&, unsigned short)
 .text._ZN7ServiceI7In_data8Out_dataEC2ER4ADC_R5UART_ILj26EER9InterruptS9_
                0x0000000008003230       0x92 ./Core/Src/main.o
                0x0000000008003230                Service<In_data, Out_data>::Service(ADC_&, UART_<26u>&, Interrupt&, Interrupt&)
                0x0000000008003230                Service<In_data, Out_data>::Service(ADC_&, UART_<26u>&, Interrupt&, Interrupt&)
 .text._ZN10Net_bufferILh26EEixEi
                0x00000000080032c2       0x1e ./Core/Src/main.o
                0x00000000080032c2                Net_buffer<(unsigned char)26>::operator[](int)
 .text._ZN10Net_bufferILh26EE5clearEv
                0x00000000080032e0       0x1e ./Core/Src/main.o
                0x00000000080032e0                Net_buffer<(unsigned char)26>::clear()
 .text._ZN10Net_bufferILh26EElsEt
                0x00000000080032fe       0x3c ./Core/Src/main.o
                0x00000000080032fe                Net_buffer<(unsigned char)26>::operator<<(unsigned short)
 .text._ZN10Net_bufferILh26EElsEc
                0x000000000800333a       0x3a ./Core/Src/main.o
                0x000000000800333a                Net_buffer<(unsigned char)26>::operator<<(char)
 .text._ZN10Net_bufferILh26EE4sizeEv
                0x0000000008003374       0x1e ./Core/Src/main.o
                0x0000000008003374                Net_buffer<(unsigned char)26>::size()
 *fill*         0x0000000008003392        0x2 
 .text._ZN5UART_ILj26EE8transmitEv
                0x0000000008003394       0x38 ./Core/Src/main.o
                0x0000000008003394                UART_<26u>::transmit()
 .text._ZN5UART_ILj26EE7receiveEv
                0x00000000080033cc       0x2c ./Core/Src/main.o
                0x00000000080033cc                UART_<26u>::receive()
 .text._ZN10Net_bufferILh26EEC2Ev
                0x00000000080033f8       0x18 ./Core/Src/main.o
                0x00000000080033f8                Net_buffer<(unsigned char)26>::Net_buffer()
                0x00000000080033f8                Net_buffer<(unsigned char)26>::Net_buffer()
 .text._ZN3CANI5In_id6Out_idE16can_rx_interruptC2ERS2_
                0x0000000008003410       0x3c ./Core/Src/main.o
                0x0000000008003410                CAN<In_id, Out_id>::can_rx_interrupt::can_rx_interrupt(CAN<In_id, Out_id>&)
                0x0000000008003410                CAN<In_id, Out_id>::can_rx_interrupt::can_rx_interrupt(CAN<In_id, Out_id>&)
 .text._ZN7ServiceI7In_data8Out_dataE14uart_interruptC2ERS2_
                0x000000000800344c       0x3c ./Core/Src/main.o
                0x000000000800344c                Service<In_data, Out_data>::uart_interrupt::uart_interrupt(Service<In_data, Out_data>&)
                0x000000000800344c                Service<In_data, Out_data>::uart_interrupt::uart_interrupt(Service<In_data, Out_data>&)
 .text._ZN7ServiceI7In_data8Out_dataE13dma_interruptC2ERS2_
                0x0000000008003488       0x3c ./Core/Src/main.o
                0x0000000008003488                Service<In_data, Out_data>::dma_interrupt::dma_interrupt(Service<In_data, Out_data>&)
                0x0000000008003488                Service<In_data, Out_data>::dma_interrupt::dma_interrupt(Service<In_data, Out_data>&)
 .text._ZN10Net_bufferILh26EE8to_bytesEtRhS1_
                0x00000000080034c4       0x2a ./Core/Src/main.o
                0x00000000080034c4                Net_buffer<(unsigned char)26>::to_bytes(unsigned short, unsigned char&, unsigned char&)
 .text._ZN10Net_bufferILh26EElsEh
                0x00000000080034ee       0x3a ./Core/Src/main.o
                0x00000000080034ee                Net_buffer<(unsigned char)26>::operator<<(unsigned char)
 .text._ZN10Net_bufferILh26EE3ptrEv
                0x0000000008003528       0x16 ./Core/Src/main.o
                0x0000000008003528                Net_buffer<(unsigned char)26>::ptr()
 *fill*         0x000000000800353e        0x2 
 .text._Z41__static_initialization_and_destruction_0ii
                0x0000000008003540       0x2c ./Core/Src/main.o
 .text._ZN3CANI5In_id6Out_idE6notifyEv
                0x000000000800356c       0x42 ./Core/Src/main.o
                0x000000000800356c                CAN<In_id, Out_id>::notify()
 .text._ZN3CANI5In_id6Out_idE16can_rx_interrupt9interruptEv
                0x00000000080035ae       0x1a ./Core/Src/main.o
                0x00000000080035ae                CAN<In_id, Out_id>::can_rx_interrupt::interrupt()
 .text._ZN7ServiceI7In_data8Out_dataE13dma_interrupt9interruptEv
                0x00000000080035c8       0x1a ./Core/Src/main.o
                0x00000000080035c8                Service<In_data, Out_data>::dma_interrupt::interrupt()
 .text._ZN7ServiceI7In_data8Out_dataE14uart_interrupt9interruptEv
                0x00000000080035e2       0x1a ./Core/Src/main.o
                0x00000000080035e2                Service<In_data, Out_data>::uart_interrupt::interrupt()
 .text._ZN3CANI5In_id6Out_idE8transmitEv
                0x00000000080035fc       0x98 ./Core/Src/main.o
                0x00000000080035fc                CAN<In_id, Out_id>::transmit()
 .text._ZN3CANI5In_id6Out_idE7receiveEv
                0x0000000008003694       0x44 ./Core/Src/main.o
                0x0000000008003694                CAN<In_id, Out_id>::receive()
 .text._ZN7ServiceI7In_data8Out_dataE12dmaInterruptEv
                0x00000000080036d8       0x1a ./Core/Src/main.o
                0x00000000080036d8                Service<In_data, Out_data>::dmaInterrupt()
 .text._ZN7ServiceI7In_data8Out_dataE13uartInterruptEv
                0x00000000080036f2       0x22 ./Core/Src/main.o
                0x00000000080036f2                Service<In_data, Out_data>::uartInterrupt()
 .text._ZN3CANI5In_id6Out_idE14start_transmitEv
                0x0000000008003714       0x3a ./Core/Src/main.o
                0x0000000008003714                CAN<In_id, Out_id>::start_transmit()
 .text._GLOBAL__sub_I_systemtick
                0x000000000800374e       0x10 ./Core/Src/main.o
 *fill*         0x000000000800375e        0x2 
 .text.HAL_MspInit
                0x0000000008003760       0x64 ./Core/Src/stm32f1xx_hal_msp.o
                0x0000000008003760                HAL_MspInit
 .text.HAL_ADC_MspInit
                0x00000000080037c4      0x148 ./Core/Src/stm32f1xx_hal_msp.o
                0x00000000080037c4                HAL_ADC_MspInit
 .text.HAL_CAN_MspInit
                0x000000000800390c       0xa8 ./Core/Src/stm32f1xx_hal_msp.o
                0x000000000800390c                HAL_CAN_MspInit
 .text.HAL_TIM_PWM_MspInit
                0x00000000080039b4       0x80 ./Core/Src/stm32f1xx_hal_msp.o
                0x00000000080039b4                HAL_TIM_PWM_MspInit
 .text.HAL_TIM_OC_MspInit
                0x0000000008003a34       0x4c ./Core/Src/stm32f1xx_hal_msp.o
                0x0000000008003a34                HAL_TIM_OC_MspInit
 .text.HAL_TIM_MspPostInit
                0x0000000008003a80       0x68 ./Core/Src/stm32f1xx_hal_msp.o
                0x0000000008003a80                HAL_TIM_MspPostInit
 .text.HAL_UART_MspInit
                0x0000000008003ae8      0x17c ./Core/Src/stm32f1xx_hal_msp.o
                0x0000000008003ae8                HAL_UART_MspInit
 .text.NMI_Handler
                0x0000000008003c64        0x6 ./Core/Src/stm32f1xx_it.o
                0x0000000008003c64                NMI_Handler
 *fill*         0x0000000008003c6a        0x2 
 .text.HardFault_Handler
                0x0000000008003c6c       0x44 ./Core/Src/stm32f1xx_it.o
                0x0000000008003c6c                HardFault_Handler
 .text.MemManage_Handler
                0x0000000008003cb0        0x6 ./Core/Src/stm32f1xx_it.o
                0x0000000008003cb0                MemManage_Handler
 .text.BusFault_Handler
                0x0000000008003cb6        0x6 ./Core/Src/stm32f1xx_it.o
                0x0000000008003cb6                BusFault_Handler
 .text.UsageFault_Handler
                0x0000000008003cbc        0x6 ./Core/Src/stm32f1xx_it.o
                0x0000000008003cbc                UsageFault_Handler
 .text.SVC_Handler
                0x0000000008003cc2        0xc ./Core/Src/stm32f1xx_it.o
                0x0000000008003cc2                SVC_Handler
 .text.DebugMon_Handler
                0x0000000008003cce        0xc ./Core/Src/stm32f1xx_it.o
                0x0000000008003cce                DebugMon_Handler
 .text.PendSV_Handler
                0x0000000008003cda        0xc ./Core/Src/stm32f1xx_it.o
                0x0000000008003cda                PendSV_Handler
 .text.SysTick_Handler
                0x0000000008003ce6        0xc ./Core/Src/stm32f1xx_it.o
                0x0000000008003ce6                SysTick_Handler
 .text.EXTI0_IRQHandler
                0x0000000008003cf2        0xe ./Core/Src/stm32f1xx_it.o
                0x0000000008003cf2                EXTI0_IRQHandler
 .text.EXTI1_IRQHandler
                0x0000000008003d00        0xe ./Core/Src/stm32f1xx_it.o
                0x0000000008003d00                EXTI1_IRQHandler
 *fill*         0x0000000008003d0e        0x2 
 .text.DMA1_Channel1_IRQHandler
                0x0000000008003d10       0x14 ./Core/Src/stm32f1xx_it.o
                0x0000000008003d10                DMA1_Channel1_IRQHandler
 .text.DMA1_Channel2_IRQHandler
                0x0000000008003d24       0x14 ./Core/Src/stm32f1xx_it.o
                0x0000000008003d24                DMA1_Channel2_IRQHandler
 .text.DMA1_Channel3_IRQHandler
                0x0000000008003d38       0x14 ./Core/Src/stm32f1xx_it.o
                0x0000000008003d38                DMA1_Channel3_IRQHandler
 .text.ADC1_2_IRQHandler
                0x0000000008003d4c       0x1c ./Core/Src/stm32f1xx_it.o
                0x0000000008003d4c                ADC1_2_IRQHandler
 .text.USB_LP_CAN1_RX0_IRQHandler
                0x0000000008003d68       0x14 ./Core/Src/stm32f1xx_it.o
                0x0000000008003d68                USB_LP_CAN1_RX0_IRQHandler
 .text.EXTI9_5_IRQHandler
                0x0000000008003d7c        0xe ./Core/Src/stm32f1xx_it.o
                0x0000000008003d7c                EXTI9_5_IRQHandler
 *fill*         0x0000000008003d8a        0x2 
 .text.TIM3_IRQHandler
                0x0000000008003d8c       0x14 ./Core/Src/stm32f1xx_it.o
                0x0000000008003d8c                TIM3_IRQHandler
 .text.USART3_IRQHandler
                0x0000000008003da0       0x14 ./Core/Src/stm32f1xx_it.o
                0x0000000008003da0                USART3_IRQHandler
 .text._getpid  0x0000000008003db4        0xe ./Core/Src/syscalls.o
                0x0000000008003db4                _getpid
 .text._kill    0x0000000008003dc2       0x20 ./Core/Src/syscalls.o
                0x0000000008003dc2                _kill
 .text._exit    0x0000000008003de2       0x14 ./Core/Src/syscalls.o
                0x0000000008003de2                _exit
 .text.SystemInit
                0x0000000008003df6        0xc ./Core/Src/system_stm32f1xx.o
                0x0000000008003df6                SystemInit
 *fill*         0x0000000008003e02        0x2 
 .text.Reset_Handler
                0x0000000008003e04       0x48 ./Core/Startup/startup_stm32f103retx.o
                0x0000000008003e04                Reset_Handler
 .text.Default_Handler
                0x0000000008003e4c        0x2 ./Core/Startup/startup_stm32f103retx.o
                0x0000000008003e4c                RTC_Alarm_IRQHandler
                0x0000000008003e4c                EXTI2_IRQHandler
                0x0000000008003e4c                TIM8_TRG_COM_IRQHandler
                0x0000000008003e4c                TIM8_CC_IRQHandler
                0x0000000008003e4c                TIM1_CC_IRQHandler
                0x0000000008003e4c                TIM6_IRQHandler
                0x0000000008003e4c                PVD_IRQHandler
                0x0000000008003e4c                SDIO_IRQHandler
                0x0000000008003e4c                EXTI3_IRQHandler
                0x0000000008003e4c                I2C2_EV_IRQHandler
                0x0000000008003e4c                SPI1_IRQHandler
                0x0000000008003e4c                TAMPER_IRQHandler
                0x0000000008003e4c                TIM8_UP_IRQHandler
                0x0000000008003e4c                DMA2_Channel2_IRQHandler
                0x0000000008003e4c                DMA1_Channel4_IRQHandler
                0x0000000008003e4c                RTC_IRQHandler
                0x0000000008003e4c                DMA1_Channel7_IRQHandler
                0x0000000008003e4c                CAN1_RX1_IRQHandler
                0x0000000008003e4c                UART5_IRQHandler
                0x0000000008003e4c                ADC3_IRQHandler
                0x0000000008003e4c                TIM4_IRQHandler
                0x0000000008003e4c                DMA2_Channel1_IRQHandler
                0x0000000008003e4c                I2C1_EV_IRQHandler
                0x0000000008003e4c                DMA1_Channel6_IRQHandler
                0x0000000008003e4c                UART4_IRQHandler
                0x0000000008003e4c                RCC_IRQHandler
                0x0000000008003e4c                TIM1_TRG_COM_IRQHandler
                0x0000000008003e4c                Default_Handler
                0x0000000008003e4c                EXTI15_10_IRQHandler
                0x0000000008003e4c                TIM7_IRQHandler
                0x0000000008003e4c                TIM5_IRQHandler
                0x0000000008003e4c                SPI2_IRQHandler
                0x0000000008003e4c                DMA1_Channel5_IRQHandler
                0x0000000008003e4c                EXTI4_IRQHandler
                0x0000000008003e4c                USB_HP_CAN1_TX_IRQHandler
                0x0000000008003e4c                FSMC_IRQHandler
                0x0000000008003e4c                TIM1_UP_IRQHandler
                0x0000000008003e4c                WWDG_IRQHandler
                0x0000000008003e4c                TIM2_IRQHandler
                0x0000000008003e4c                TIM1_BRK_IRQHandler
                0x0000000008003e4c                DMA2_Channel4_5_IRQHandler
                0x0000000008003e4c                USART2_IRQHandler
                0x0000000008003e4c                I2C2_ER_IRQHandler
                0x0000000008003e4c                TIM8_BRK_IRQHandler
                0x0000000008003e4c                CAN1_SCE_IRQHandler
                0x0000000008003e4c                FLASH_IRQHandler
                0x0000000008003e4c                USART1_IRQHandler
                0x0000000008003e4c                SPI3_IRQHandler
                0x0000000008003e4c                I2C1_ER_IRQHandler
                0x0000000008003e4c                USBWakeUp_IRQHandler
                0x0000000008003e4c                DMA2_Channel3_IRQHandler
 *fill*         0x0000000008003e4e        0x2 
 .text.HAL_Init
                0x0000000008003e50       0x2c ./Drivers/STM32F1xx_HAL_Driver/Src/stm32f1xx_hal.o
                0x0000000008003e50                HAL_Init
 .text.HAL_InitTick
                0x0000000008003e7c       0x60 ./Drivers/STM32F1xx_HAL_Driver/Src/stm32f1xx_hal.o
                0x0000000008003e7c                HAL_InitTick
 .text.HAL_GetTick
                0x0000000008003edc       0x14 ./Drivers/STM32F1xx_HAL_Driver/Src/stm32f1xx_hal.o
                0x0000000008003edc                HAL_GetTick
 .text.HAL_ADC_Init
                0x0000000008003ef0      0x1d4 ./Drivers/STM32F1xx_HAL_Driver/Src/stm32f1xx_hal_adc.o
                0x0000000008003ef0                HAL_ADC_Init
 .text.HAL_ADC_Start_DMA
                0x00000000080040c4      0x1bc ./Drivers/STM32F1xx_HAL_Driver/Src/stm32f1xx_hal_adc.o
                0x00000000080040c4                HAL_ADC_Start_DMA
 .text.HAL_ADC_Stop_DMA
                0x0000000008004280       0x98 ./Drivers/STM32F1xx_HAL_Driver/Src/stm32f1xx_hal_adc.o
                0x0000000008004280                HAL_ADC_Stop_DMA
 .text.HAL_ADC_IRQHandler
                0x0000000008004318      0x17e ./Drivers/STM32F1xx_HAL_Driver/Src/stm32f1xx_hal_adc.o
                0x0000000008004318                HAL_ADC_IRQHandler
 .text.HAL_ADC_ConvHalfCpltCallback
                0x0000000008004496       0x12 ./Drivers/STM32F1xx_HAL_Driver/Src/stm32f1xx_hal_adc.o
                0x0000000008004496                HAL_ADC_ConvHalfCpltCallback
 .text.HAL_ADC_ErrorCallback
                0x00000000080044a8       0x12 ./Drivers/STM32F1xx_HAL_Driver/Src/stm32f1xx_hal_adc.o
                0x00000000080044a8                HAL_ADC_ErrorCallback
 *fill*         0x00000000080044ba        0x2 
 .text.HAL_ADC_ConfigChannel
                0x00000000080044bc      0x1f0 ./Drivers/STM32F1xx_HAL_Driver/Src/stm32f1xx_hal_adc.o
                0x00000000080044bc                HAL_ADC_ConfigChannel
 .text.ADC_Enable
                0x00000000080046ac       0xb4 ./Drivers/STM32F1xx_HAL_Driver/Src/stm32f1xx_hal_adc.o
                0x00000000080046ac                ADC_Enable
 .text.ADC_ConversionStop_Disable
                0x0000000008004760       0x82 ./Drivers/STM32F1xx_HAL_Driver/Src/stm32f1xx_hal_adc.o
                0x0000000008004760                ADC_ConversionStop_Disable
 .text.ADC_DMAConvCplt
                0x00000000080047e2       0x7c ./Drivers/STM32F1xx_HAL_Driver/Src/stm32f1xx_hal_adc.o
                0x00000000080047e2                ADC_DMAConvCplt
 .text.ADC_DMAHalfConvCplt
                0x000000000800485e       0x1c ./Drivers/STM32F1xx_HAL_Driver/Src/stm32f1xx_hal_adc.o
                0x000000000800485e                ADC_DMAHalfConvCplt
 .text.ADC_DMAError
                0x000000000800487a       0x34 ./Drivers/STM32F1xx_HAL_Driver/Src/stm32f1xx_hal_adc.o
                0x000000000800487a                ADC_DMAError
 *fill*         0x00000000080048ae        0x2 
 .text.HAL_ADCEx_InjectedStart_IT
                0x00000000080048b0      0x11c ./Drivers/STM32F1xx_HAL_Driver/Src/stm32f1xx_hal_adc_ex.o
                0x00000000080048b0                HAL_ADCEx_InjectedStart_IT
 .text.HAL_ADCEx_InjectedStop_IT
                0x00000000080049cc       0x94 ./Drivers/STM32F1xx_HAL_Driver/Src/stm32f1xx_hal_adc_ex.o
                0x00000000080049cc                HAL_ADCEx_InjectedStop_IT
 .text.HAL_ADCEx_InjectedGetValue
                0x0000000008004a60       0x5c ./Drivers/STM32F1xx_HAL_Driver/Src/stm32f1xx_hal_adc_ex.o
                0x0000000008004a60                HAL_ADCEx_InjectedGetValue
 .text.HAL_ADCEx_InjectedConfigChannel
                0x0000000008004abc      0x358 ./Drivers/STM32F1xx_HAL_Driver/Src/stm32f1xx_hal_adc_ex.o
                0x0000000008004abc                HAL_ADCEx_InjectedConfigChannel
 .text.HAL_CAN_Init
                0x0000000008004e14      0x1f6 ./Drivers/STM32F1xx_HAL_Driver/Src/stm32f1xx_hal_can.o
                0x0000000008004e14                HAL_CAN_Init
 .text.HAL_CAN_ConfigFilter
                0x000000000800500a      0x192 ./Drivers/STM32F1xx_HAL_Driver/Src/stm32f1xx_hal_can.o
                0x000000000800500a                HAL_CAN_ConfigFilter
 .text.HAL_CAN_Start
                0x000000000800519c       0x88 ./Drivers/STM32F1xx_HAL_Driver/Src/stm32f1xx_hal_can.o
                0x000000000800519c                HAL_CAN_Start
 .text.HAL_CAN_AddTxMessage
                0x0000000008005224      0x19e ./Drivers/STM32F1xx_HAL_Driver/Src/stm32f1xx_hal_can.o
                0x0000000008005224                HAL_CAN_AddTxMessage
 .text.HAL_CAN_GetRxMessage
                0x00000000080053c2      0x242 ./Drivers/STM32F1xx_HAL_Driver/Src/stm32f1xx_hal_can.o
                0x00000000080053c2                HAL_CAN_GetRxMessage
 .text.HAL_CAN_ActivateNotification
                0x0000000008005604       0x4a ./Drivers/STM32F1xx_HAL_Driver/Src/stm32f1xx_hal_can.o
                0x0000000008005604                HAL_CAN_ActivateNotification
 .text.HAL_CAN_IRQHandler
                0x000000000800564e      0x36e ./Drivers/STM32F1xx_HAL_Driver/Src/stm32f1xx_hal_can.o
                0x000000000800564e                HAL_CAN_IRQHandler
 .text.HAL_CAN_TxMailbox0CompleteCallback
                0x00000000080059bc       0x12 ./Drivers/STM32F1xx_HAL_Driver/Src/stm32f1xx_hal_can.o
                0x00000000080059bc                HAL_CAN_TxMailbox0CompleteCallback
 .text.HAL_CAN_TxMailbox1CompleteCallback
                0x00000000080059ce       0x12 ./Drivers/STM32F1xx_HAL_Driver/Src/stm32f1xx_hal_can.o
                0x00000000080059ce                HAL_CAN_TxMailbox1CompleteCallback
 .text.HAL_CAN_TxMailbox2CompleteCallback
                0x00000000080059e0       0x12 ./Drivers/STM32F1xx_HAL_Driver/Src/stm32f1xx_hal_can.o
                0x00000000080059e0                HAL_CAN_TxMailbox2CompleteCallback
 .text.HAL_CAN_TxMailbox0AbortCallback
                0x00000000080059f2       0x12 ./Drivers/STM32F1xx_HAL_Driver/Src/stm32f1xx_hal_can.o
                0x00000000080059f2                HAL_CAN_TxMailbox0AbortCallback
 .text.HAL_CAN_TxMailbox1AbortCallback
                0x0000000008005a04       0x12 ./Drivers/STM32F1xx_HAL_Driver/Src/stm32f1xx_hal_can.o
                0x0000000008005a04                HAL_CAN_TxMailbox1AbortCallback
 .text.HAL_CAN_TxMailbox2AbortCallback
                0x0000000008005a16       0x12 ./Drivers/STM32F1xx_HAL_Driver/Src/stm32f1xx_hal_can.o
                0x0000000008005a16                HAL_CAN_TxMailbox2AbortCallback
 .text.HAL_CAN_RxFifo0FullCallback
                0x0000000008005a28       0x12 ./Drivers/STM32F1xx_HAL_Driver/Src/stm32f1xx_hal_can.o
                0x0000000008005a28                HAL_CAN_RxFifo0FullCallback
 .text.HAL_CAN_RxFifo1MsgPendingCallback
                0x0000000008005a3a       0x12 ./Drivers/STM32F1xx_HAL_Driver/Src/stm32f1xx_hal_can.o
                0x0000000008005a3a                HAL_CAN_RxFifo1MsgPendingCallback
 .text.HAL_CAN_RxFifo1FullCallback
                0x0000000008005a4c       0x12 ./Drivers/STM32F1xx_HAL_Driver/Src/stm32f1xx_hal_can.o
                0x0000000008005a4c                HAL_CAN_RxFifo1FullCallback
 .text.HAL_CAN_SleepCallback
                0x0000000008005a5e       0x12 ./Drivers/STM32F1xx_HAL_Driver/Src/stm32f1xx_hal_can.o
                0x0000000008005a5e                HAL_CAN_SleepCallback
 .text.HAL_CAN_WakeUpFromRxMsgCallback
                0x0000000008005a70       0x12 ./Drivers/STM32F1xx_HAL_Driver/Src/stm32f1xx_hal_can.o
                0x0000000008005a70                HAL_CAN_WakeUpFromRxMsgCallback
 .text.HAL_CAN_ErrorCallback
                0x0000000008005a82       0x12 ./Drivers/STM32F1xx_HAL_Driver/Src/stm32f1xx_hal_can.o
                0x0000000008005a82                HAL_CAN_ErrorCallback
 .text.__NVIC_SetPriorityGrouping
                0x0000000008005a94       0x48 ./Drivers/STM32F1xx_HAL_Driver/Src/stm32f1xx_hal_cortex.o
 .text.__NVIC_GetPriorityGrouping
                0x0000000008005adc       0x1c ./Drivers/STM32F1xx_HAL_Driver/Src/stm32f1xx_hal_cortex.o
 .text.__NVIC_EnableIRQ
                0x0000000008005af8       0x38 ./Drivers/STM32F1xx_HAL_Driver/Src/stm32f1xx_hal_cortex.o
 .text.__NVIC_SetPriority
                0x0000000008005b30       0x54 ./Drivers/STM32F1xx_HAL_Driver/Src/stm32f1xx_hal_cortex.o
 .text.NVIC_EncodePriority
                0x0000000008005b84       0x64 ./Drivers/STM32F1xx_HAL_Driver/Src/stm32f1xx_hal_cortex.o
 .text.SysTick_Config
                0x0000000008005be8       0x44 ./Drivers/STM32F1xx_HAL_Driver/Src/stm32f1xx_hal_cortex.o
 .text.HAL_NVIC_SetPriorityGrouping
                0x0000000008005c2c       0x16 ./Drivers/STM32F1xx_HAL_Driver/Src/stm32f1xx_hal_cortex.o
                0x0000000008005c2c                HAL_NVIC_SetPriorityGrouping
 .text.HAL_NVIC_SetPriority
                0x0000000008005c42       0x38 ./Drivers/STM32F1xx_HAL_Driver/Src/stm32f1xx_hal_cortex.o
                0x0000000008005c42                HAL_NVIC_SetPriority
 .text.HAL_NVIC_EnableIRQ
                0x0000000008005c7a       0x1c ./Drivers/STM32F1xx_HAL_Driver/Src/stm32f1xx_hal_cortex.o
                0x0000000008005c7a                HAL_NVIC_EnableIRQ
 .text.HAL_SYSTICK_Config
                0x0000000008005c96       0x18 ./Drivers/STM32F1xx_HAL_Driver/Src/stm32f1xx_hal_cortex.o
                0x0000000008005c96                HAL_SYSTICK_Config
 *fill*         0x0000000008005cae        0x2 
 .text.HAL_DMA_Init
                0x0000000008005cb0       0xec ./Drivers/STM32F1xx_HAL_Driver/Src/stm32f1xx_hal_dma.o
                0x0000000008005cb0                HAL_DMA_Init
 .text.HAL_DMA_Start_IT
                0x0000000008005d9c       0xc0 ./Drivers/STM32F1xx_HAL_Driver/Src/stm32f1xx_hal_dma.o
                0x0000000008005d9c                HAL_DMA_Start_IT
 .text.HAL_DMA_Abort
                0x0000000008005e5c       0x76 ./Drivers/STM32F1xx_HAL_Driver/Src/stm32f1xx_hal_dma.o
                0x0000000008005e5c                HAL_DMA_Abort
 *fill*         0x0000000008005ed2        0x2 
 .text.HAL_DMA_Abort_IT
                0x0000000008005ed4      0x210 ./Drivers/STM32F1xx_HAL_Driver/Src/stm32f1xx_hal_dma.o
                0x0000000008005ed4                HAL_DMA_Abort_IT
 .text.HAL_DMA_IRQHandler
                0x00000000080060e4      0x478 ./Drivers/STM32F1xx_HAL_Driver/Src/stm32f1xx_hal_dma.o
                0x00000000080060e4                HAL_DMA_IRQHandler
 .text.DMA_SetConfig
                0x000000000800655c       0x5a ./Drivers/STM32F1xx_HAL_Driver/Src/stm32f1xx_hal_dma.o
 *fill*         0x00000000080065b6        0x2 
 .text.HAL_GPIO_Init
                0x00000000080065b8      0x328 ./Drivers/STM32F1xx_HAL_Driver/Src/stm32f1xx_hal_gpio.o
                0x00000000080065b8                HAL_GPIO_Init
 .text.HAL_GPIO_ReadPin
                0x00000000080068e0       0x2e ./Drivers/STM32F1xx_HAL_Driver/Src/stm32f1xx_hal_gpio.o
                0x00000000080068e0                HAL_GPIO_ReadPin
 .text.HAL_GPIO_WritePin
                0x000000000800690e       0x30 ./Drivers/STM32F1xx_HAL_Driver/Src/stm32f1xx_hal_gpio.o
                0x000000000800690e                HAL_GPIO_WritePin
 *fill*         0x000000000800693e        0x2 
 .text.HAL_GPIO_EXTI_IRQHandler
                0x0000000008006940       0x30 ./Drivers/STM32F1xx_HAL_Driver/Src/stm32f1xx_hal_gpio.o
                0x0000000008006940                HAL_GPIO_EXTI_IRQHandler
 .text.HAL_RCC_OscConfig
                0x0000000008006970      0x500 ./Drivers/STM32F1xx_HAL_Driver/Src/stm32f1xx_hal_rcc.o
                0x0000000008006970                HAL_RCC_OscConfig
 .text.HAL_RCC_ClockConfig
                0x0000000008006e70      0x1d4 ./Drivers/STM32F1xx_HAL_Driver/Src/stm32f1xx_hal_rcc.o
                0x0000000008006e70                HAL_RCC_ClockConfig
 .text.HAL_RCC_GetSysClockFreq
                0x0000000008007044       0xac ./Drivers/STM32F1xx_HAL_Driver/Src/stm32f1xx_hal_rcc.o
                0x0000000008007044                HAL_RCC_GetSysClockFreq
 .text.HAL_RCC_GetHCLKFreq
                0x00000000080070f0       0x14 ./Drivers/STM32F1xx_HAL_Driver/Src/stm32f1xx_hal_rcc.o
                0x00000000080070f0                HAL_RCC_GetHCLKFreq
 .text.HAL_RCC_GetPCLK1Freq
                0x0000000008007104       0x28 ./Drivers/STM32F1xx_HAL_Driver/Src/stm32f1xx_hal_rcc.o
                0x0000000008007104                HAL_RCC_GetPCLK1Freq
 .text.HAL_RCC_GetPCLK2Freq
                0x000000000800712c       0x28 ./Drivers/STM32F1xx_HAL_Driver/Src/stm32f1xx_hal_rcc.o
                0x000000000800712c                HAL_RCC_GetPCLK2Freq
 .text.RCC_Delay
                0x0000000008007154       0x3c ./Drivers/STM32F1xx_HAL_Driver/Src/stm32f1xx_hal_rcc.o
 .text.HAL_RCCEx_PeriphCLKConfig
                0x0000000008007190      0x16c ./Drivers/STM32F1xx_HAL_Driver/Src/stm32f1xx_hal_rcc_ex.o
                0x0000000008007190                HAL_RCCEx_PeriphCLKConfig
 .text.HAL_TIM_Base_Start_IT
                0x00000000080072fc       0xc0 ./Drivers/STM32F1xx_HAL_Driver/Src/stm32f1xx_hal_tim.o
                0x00000000080072fc                HAL_TIM_Base_Start_IT
 .text.HAL_TIM_Base_Stop_IT
                0x00000000080073bc       0x5c ./Drivers/STM32F1xx_HAL_Driver/Src/stm32f1xx_hal_tim.o
                0x00000000080073bc                HAL_TIM_Base_Stop_IT
 .text.HAL_TIM_OC_Init
                0x0000000008007418       0x9e ./Drivers/STM32F1xx_HAL_Driver/Src/stm32f1xx_hal_tim.o
                0x0000000008007418                HAL_TIM_OC_Init
 .text.HAL_TIM_PWM_Init
                0x00000000080074b6       0x9e ./Drivers/STM32F1xx_HAL_Driver/Src/stm32f1xx_hal_tim.o
                0x00000000080074b6                HAL_TIM_PWM_Init
 .text.HAL_TIM_PWM_Start
                0x0000000008007554      0x174 ./Drivers/STM32F1xx_HAL_Driver/Src/stm32f1xx_hal_tim.o
                0x0000000008007554                HAL_TIM_PWM_Start
 .text.HAL_TIM_PWM_Stop
                0x00000000080076c8       0xe0 ./Drivers/STM32F1xx_HAL_Driver/Src/stm32f1xx_hal_tim.o
                0x00000000080076c8                HAL_TIM_PWM_Stop
 .text.HAL_TIM_IRQHandler
                0x00000000080077a8      0x210 ./Drivers/STM32F1xx_HAL_Driver/Src/stm32f1xx_hal_tim.o
                0x00000000080077a8                HAL_TIM_IRQHandler
 .text.HAL_TIM_OC_ConfigChannel
                0x00000000080079b8       0xb8 ./Drivers/STM32F1xx_HAL_Driver/Src/stm32f1xx_hal_tim.o
                0x00000000080079b8                HAL_TIM_OC_ConfigChannel
 .text.HAL_TIM_PWM_ConfigChannel
                0x0000000008007a70      0x184 ./Drivers/STM32F1xx_HAL_Driver/Src/stm32f1xx_hal_tim.o
                0x0000000008007a70                HAL_TIM_PWM_ConfigChannel
 .text.HAL_TIM_OC_DelayElapsedCallback
                0x0000000008007bf4       0x12 ./Drivers/STM32F1xx_HAL_Driver/Src/stm32f1xx_hal_tim.o
                0x0000000008007bf4                HAL_TIM_OC_DelayElapsedCallback
 .text.HAL_TIM_IC_CaptureCallback
                0x0000000008007c06       0x12 ./Drivers/STM32F1xx_HAL_Driver/Src/stm32f1xx_hal_tim.o
                0x0000000008007c06                HAL_TIM_IC_CaptureCallback
 .text.HAL_TIM_PWM_PulseFinishedCallback
                0x0000000008007c18       0x12 ./Drivers/STM32F1xx_HAL_Driver/Src/stm32f1xx_hal_tim.o
                0x0000000008007c18                HAL_TIM_PWM_PulseFinishedCallback
 .text.HAL_TIM_TriggerCallback
                0x0000000008007c2a       0x12 ./Drivers/STM32F1xx_HAL_Driver/Src/stm32f1xx_hal_tim.o
                0x0000000008007c2a                HAL_TIM_TriggerCallback
 .text.TIM_Base_SetConfig
                0x0000000008007c3c       0xf4 ./Drivers/STM32F1xx_HAL_Driver/Src/stm32f1xx_hal_tim.o
                0x0000000008007c3c                TIM_Base_SetConfig
 .text.TIM_OC1_SetConfig
                0x0000000008007d30       0xe0 ./Drivers/STM32F1xx_HAL_Driver/Src/stm32f1xx_hal_tim.o
 .text.TIM_OC2_SetConfig
                0x0000000008007e10       0xe8 ./Drivers/STM32F1xx_HAL_Driver/Src/stm32f1xx_hal_tim.o
                0x0000000008007e10                TIM_OC2_SetConfig
 .text.TIM_OC3_SetConfig
                0x0000000008007ef8       0xe8 ./Drivers/STM32F1xx_HAL_Driver/Src/stm32f1xx_hal_tim.o
 .text.TIM_OC4_SetConfig
                0x0000000008007fe0       0xa8 ./Drivers/STM32F1xx_HAL_Driver/Src/stm32f1xx_hal_tim.o
 .text.TIM_CCxChannelCmd
                0x0000000008008088       0x48 ./Drivers/STM32F1xx_HAL_Driver/Src/stm32f1xx_hal_tim.o
                0x0000000008008088                TIM_CCxChannelCmd
 .text.HAL_TIMEx_MasterConfigSynchronization
                0x00000000080080d0       0xd8 ./Drivers/STM32F1xx_HAL_Driver/Src/stm32f1xx_hal_tim_ex.o
                0x00000000080080d0                HAL_TIMEx_MasterConfigSynchronization
 .text.HAL_TIMEx_ConfigBreakDeadTime
                0x00000000080081a8       0xa2 ./Drivers/STM32F1xx_HAL_Driver/Src/stm32f1xx_hal_tim_ex.o
                0x00000000080081a8                HAL_TIMEx_ConfigBreakDeadTime
 .text.HAL_TIMEx_CommutCallback
                0x000000000800824a       0x12 ./Drivers/STM32F1xx_HAL_Driver/Src/stm32f1xx_hal_tim_ex.o
                0x000000000800824a                HAL_TIMEx_CommutCallback
 .text.HAL_TIMEx_BreakCallback
                0x000000000800825c       0x12 ./Drivers/STM32F1xx_HAL_Driver/Src/stm32f1xx_hal_tim_ex.o
                0x000000000800825c                HAL_TIMEx_BreakCallback
 .text.HAL_UART_Init
                0x000000000800826e       0xa0 ./Drivers/STM32F1xx_HAL_Driver/Src/stm32f1xx_hal_uart.o
                0x000000000800826e                HAL_UART_Init
 *fill*         0x000000000800830e        0x2 
 .text.HAL_UART_Transmit_DMA
                0x0000000008008310       0xe0 ./Drivers/STM32F1xx_HAL_Driver/Src/stm32f1xx_hal_uart.o
                0x0000000008008310                HAL_UART_Transmit_DMA
 .text.HAL_UARTEx_ReceiveToIdle_DMA
                0x00000000080083f0       0xba ./Drivers/STM32F1xx_HAL_Driver/Src/stm32f1xx_hal_uart.o
                0x00000000080083f0                HAL_UARTEx_ReceiveToIdle_DMA
 *fill*         0x00000000080084aa        0x2 
 .text.HAL_UART_IRQHandler
                0x00000000080084ac      0x524 ./Drivers/STM32F1xx_HAL_Driver/Src/stm32f1xx_hal_uart.o
                0x00000000080084ac                HAL_UART_IRQHandler
 .text.HAL_UART_TxHalfCpltCallback
                0x00000000080089d0       0x12 ./Drivers/STM32F1xx_HAL_Driver/Src/stm32f1xx_hal_uart.o
                0x00000000080089d0                HAL_UART_TxHalfCpltCallback
 .text.HAL_UART_RxCpltCallback
                0x00000000080089e2       0x12 ./Drivers/STM32F1xx_HAL_Driver/Src/stm32f1xx_hal_uart.o
                0x00000000080089e2                HAL_UART_RxCpltCallback
 .text.HAL_UART_RxHalfCpltCallback
                0x00000000080089f4       0x12 ./Drivers/STM32F1xx_HAL_Driver/Src/stm32f1xx_hal_uart.o
                0x00000000080089f4                HAL_UART_RxHalfCpltCallback
 .text.HAL_UART_ErrorCallback
                0x0000000008008a06       0x12 ./Drivers/STM32F1xx_HAL_Driver/Src/stm32f1xx_hal_uart.o
                0x0000000008008a06                HAL_UART_ErrorCallback
 .text.UART_DMATransmitCplt
                0x0000000008008a18       0x9a ./Drivers/STM32F1xx_HAL_Driver/Src/stm32f1xx_hal_uart.o
 .text.UART_DMATxHalfCplt
                0x0000000008008ab2       0x1c ./Drivers/STM32F1xx_HAL_Driver/Src/stm32f1xx_hal_uart.o
 .text.UART_DMAReceiveCplt
                0x0000000008008ace      0x12c ./Drivers/STM32F1xx_HAL_Driver/Src/stm32f1xx_hal_uart.o
 .text.UART_DMARxHalfCplt
                0x0000000008008bfa       0x3c ./Drivers/STM32F1xx_HAL_Driver/Src/stm32f1xx_hal_uart.o
 .text.UART_DMAError
                0x0000000008008c36       0x94 ./Drivers/STM32F1xx_HAL_Driver/Src/stm32f1xx_hal_uart.o
 *fill*         0x0000000008008cca        0x2 
 .text.UART_Start_Receive_DMA
                0x0000000008008ccc      0x134 ./Drivers/STM32F1xx_HAL_Driver/Src/stm32f1xx_hal_uart.o
                0x0000000008008ccc                UART_Start_Receive_DMA
 .text.UART_EndTxTransfer
                0x0000000008008e00       0x4e ./Drivers/STM32F1xx_HAL_Driver/Src/stm32f1xx_hal_uart.o
 .text.UART_EndRxTransfer
                0x0000000008008e4e       0xc4 ./Drivers/STM32F1xx_HAL_Driver/Src/stm32f1xx_hal_uart.o
 .text.UART_DMAAbortOnError
                0x0000000008008f12       0x28 ./Drivers/STM32F1xx_HAL_Driver/Src/stm32f1xx_hal_uart.o
 .text.UART_Transmit_IT
                0x0000000008008f3a       0x9e ./Drivers/STM32F1xx_HAL_Driver/Src/stm32f1xx_hal_uart.o
 .text.UART_EndTransmit_IT
                0x0000000008008fd8       0x30 ./Drivers/STM32F1xx_HAL_Driver/Src/stm32f1xx_hal_uart.o
 .text.UART_Receive_IT
                0x0000000008009008      0x17c ./Drivers/STM32F1xx_HAL_Driver/Src/stm32f1xx_hal_uart.o
 .text.UART_SetConfig
                0x0000000008009184      0x11c ./Drivers/STM32F1xx_HAL_Driver/Src/stm32f1xx_hal_uart.o
 .text.__cxa_pure_virtual
                0x00000000080092a0        0x6 c:/st/stm32cubeide_1.7.0/stm32cubeide/plugins/com.st.stm32cube.ide.mcu.externaltools.gnu-tools-for-stm32.9-2020-q2-update.win32_2.0.0.202105311346/tools/bin/../lib/gcc/arm-none-eabi/9.3.1/../../../../arm-none-eabi/lib/thumb/v7-m/nofp\libstdc++_nano.a(pure.o)
                0x00000000080092a0                __cxa_pure_virtual
 .text._ZN10__cxxabiv111__terminateEPFvvE
                0x00000000080092a6        0x8 c:/st/stm32cubeide_1.7.0/stm32cubeide/plugins/com.st.stm32cube.ide.mcu.externaltools.gnu-tools-for-stm32.9-2020-q2-update.win32_2.0.0.202105311346/tools/bin/../lib/gcc/arm-none-eabi/9.3.1/../../../../arm-none-eabi/lib/thumb/v7-m/nofp\libstdc++_nano.a(eh_terminate.o)
                0x00000000080092a6                __cxxabiv1::__terminate(void (*)())
 *fill*         0x00000000080092ae        0x2 
 .text._ZSt13get_terminatev
                0x00000000080092b0       0x10 c:/st/stm32cubeide_1.7.0/stm32cubeide/plugins/com.st.stm32cube.ide.mcu.externaltools.gnu-tools-for-stm32.9-2020-q2-update.win32_2.0.0.202105311346/tools/bin/../lib/gcc/arm-none-eabi/9.3.1/../../../../arm-none-eabi/lib/thumb/v7-m/nofp\libstdc++_nano.a(eh_terminate.o)
                0x00000000080092b0                std::get_terminate()
 .text._ZSt9terminatev
                0x00000000080092c0        0xa c:/st/stm32cubeide_1.7.0/stm32cubeide/plugins/com.st.stm32cube.ide.mcu.externaltools.gnu-tools-for-stm32.9-2020-q2-update.win32_2.0.0.202105311346/tools/bin/../lib/gcc/arm-none-eabi/9.3.1/../../../../arm-none-eabi/lib/thumb/v7-m/nofp\libstdc++_nano.a(eh_terminate.o)
                0x00000000080092c0                std::terminate()
 .text.abort    0x00000000080092ca        0xe c:/st/stm32cubeide_1.7.0/stm32cubeide/plugins/com.st.stm32cube.ide.mcu.externaltools.gnu-tools-for-stm32.9-2020-q2-update.win32_2.0.0.202105311346/tools/bin/../lib/gcc/arm-none-eabi/9.3.1/../../../../arm-none-eabi/lib/thumb/v7-m/nofp\libc_nano.a(lib_a-abort.o)
                0x00000000080092ca                abort
 .text.__errno  0x00000000080092d8        0xc c:/st/stm32cubeide_1.7.0/stm32cubeide/plugins/com.st.stm32cube.ide.mcu.externaltools.gnu-tools-for-stm32.9-2020-q2-update.win32_2.0.0.202105311346/tools/bin/../lib/gcc/arm-none-eabi/9.3.1/../../../../arm-none-eabi/lib/thumb/v7-m/nofp\libc_nano.a(lib_a-errno.o)
                0x00000000080092d8                __errno
 .text.__libc_init_array
                0x00000000080092e4       0x48 c:/st/stm32cubeide_1.7.0/stm32cubeide/plugins/com.st.stm32cube.ide.mcu.externaltools.gnu-tools-for-stm32.9-2020-q2-update.win32_2.0.0.202105311346/tools/bin/../lib/gcc/arm-none-eabi/9.3.1/../../../../arm-none-eabi/lib/thumb/v7-m/nofp\libc_nano.a(lib_a-init.o)
                0x00000000080092e4                __libc_init_array
 .text.memset   0x000000000800932c       0x10 c:/st/stm32cubeide_1.7.0/stm32cubeide/plugins/com.st.stm32cube.ide.mcu.externaltools.gnu-tools-for-stm32.9-2020-q2-update.win32_2.0.0.202105311346/tools/bin/../lib/gcc/arm-none-eabi/9.3.1/../../../../arm-none-eabi/lib/thumb/v7-m/nofp\libc_nano.a(lib_a-memset.o)
                0x000000000800932c                memset
 .text._raise_r
                0x000000000800933c       0x50 c:/st/stm32cubeide_1.7.0/stm32cubeide/plugins/com.st.stm32cube.ide.mcu.externaltools.gnu-tools-for-stm32.9-2020-q2-update.win32_2.0.0.202105311346/tools/bin/../lib/gcc/arm-none-eabi/9.3.1/../../../../arm-none-eabi/lib/thumb/v7-m/nofp\libc_nano.a(lib_a-signal.o)
                0x000000000800933c                _raise_r
 .text.raise    0x000000000800938c       0x10 c:/st/stm32cubeide_1.7.0/stm32cubeide/plugins/com.st.stm32cube.ide.mcu.externaltools.gnu-tools-for-stm32.9-2020-q2-update.win32_2.0.0.202105311346/tools/bin/../lib/gcc/arm-none-eabi/9.3.1/../../../../arm-none-eabi/lib/thumb/v7-m/nofp\libc_nano.a(lib_a-signal.o)
                0x000000000800938c                raise
 .text._kill_r  0x000000000800939c       0x24 c:/st/stm32cubeide_1.7.0/stm32cubeide/plugins/com.st.stm32cube.ide.mcu.externaltools.gnu-tools-for-stm32.9-2020-q2-update.win32_2.0.0.202105311346/tools/bin/../lib/gcc/arm-none-eabi/9.3.1/../../../../arm-none-eabi/lib/thumb/v7-m/nofp\libc_nano.a(lib_a-signalr.o)
                0x000000000800939c                _kill_r
 .text._getpid_r
                0x00000000080093c0        0x4 c:/st/stm32cubeide_1.7.0/stm32cubeide/plugins/com.st.stm32cube.ide.mcu.externaltools.gnu-tools-for-stm32.9-2020-q2-update.win32_2.0.0.202105311346/tools/bin/../lib/gcc/arm-none-eabi/9.3.1/../../../../arm-none-eabi/lib/thumb/v7-m/nofp\libc_nano.a(lib_a-signalr.o)
                0x00000000080093c0                _getpid_r
 *(.glue_7)
 .glue_7        0x00000000080093c4        0x0 linker stubs
 *(.glue_7t)
 .glue_7t       0x00000000080093c4        0x0 linker stubs
 *(.eh_frame)
 .eh_frame      0x00000000080093c4        0x0 c:/st/stm32cubeide_1.7.0/stm32cubeide/plugins/com.st.stm32cube.ide.mcu.externaltools.gnu-tools-for-stm32.9-2020-q2-update.win32_2.0.0.202105311346/tools/bin/../lib/gcc/arm-none-eabi/9.3.1/thumb/v7-m/nofp/crtbegin.o
 *(.init)
 .init          0x00000000080093c4        0x4 c:/st/stm32cubeide_1.7.0/stm32cubeide/plugins/com.st.stm32cube.ide.mcu.externaltools.gnu-tools-for-stm32.9-2020-q2-update.win32_2.0.0.202105311346/tools/bin/../lib/gcc/arm-none-eabi/9.3.1/thumb/v7-m/nofp/crti.o
                0x00000000080093c4                _init
 .init          0x00000000080093c8        0x8 c:/st/stm32cubeide_1.7.0/stm32cubeide/plugins/com.st.stm32cube.ide.mcu.externaltools.gnu-tools-for-stm32.9-2020-q2-update.win32_2.0.0.202105311346/tools/bin/../lib/gcc/arm-none-eabi/9.3.1/thumb/v7-m/nofp/crtn.o
 *(.fini)
 .fini          0x00000000080093d0        0x4 c:/st/stm32cubeide_1.7.0/stm32cubeide/plugins/com.st.stm32cube.ide.mcu.externaltools.gnu-tools-for-stm32.9-2020-q2-update.win32_2.0.0.202105311346/tools/bin/../lib/gcc/arm-none-eabi/9.3.1/thumb/v7-m/nofp/crti.o
                0x00000000080093d0                _fini
 .fini          0x00000000080093d4        0x8 c:/st/stm32cubeide_1.7.0/stm32cubeide/plugins/com.st.stm32cube.ide.mcu.externaltools.gnu-tools-for-stm32.9-2020-q2-update.win32_2.0.0.202105311346/tools/bin/../lib/gcc/arm-none-eabi/9.3.1/thumb/v7-m/nofp/crtn.o
                0x00000000080093dc                . = ALIGN (0x4)
                0x00000000080093dc                _etext = .

.vfp11_veneer   0x00000000080093dc        0x0
 .vfp11_veneer  0x00000000080093dc        0x0 linker stubs

.v4_bx          0x00000000080093dc        0x0
 .v4_bx         0x00000000080093dc        0x0 linker stubs

.iplt           0x00000000080093dc        0x0
 .iplt          0x00000000080093dc        0x0 c:/st/stm32cubeide_1.7.0/stm32cubeide/plugins/com.st.stm32cube.ide.mcu.externaltools.gnu-tools-for-stm32.9-2020-q2-update.win32_2.0.0.202105311346/tools/bin/../lib/gcc/arm-none-eabi/9.3.1/thumb/v7-m/nofp/crtbegin.o

.rodata         0x00000000080093dc       0xe0
                0x00000000080093dc                . = ALIGN (0x4)
 *(.rodata)
 *(.rodata*)
 .rodata._ZTV3CANI5In_id6Out_idE
                0x00000000080093dc        0xc ./Core/Src/main.o
                0x00000000080093dc                vtable for CAN<In_id, Out_id>
 .rodata._ZTVN3CANI5In_id6Out_idE16can_rx_interruptE
                0x00000000080093e8        0xc ./Core/Src/main.o
                0x00000000080093e8                vtable for CAN<In_id, Out_id>::can_rx_interrupt
 .rodata._ZTVN7ServiceI7In_data8Out_dataE13dma_interruptE
                0x00000000080093f4        0xc ./Core/Src/main.o
                0x00000000080093f4                vtable for Service<In_data, Out_data>::dma_interrupt
 .rodata._ZTVN7ServiceI7In_data8Out_dataE14uart_interruptE
                0x0000000008009400        0xc ./Core/Src/main.o
                0x0000000008009400                vtable for Service<In_data, Out_data>::uart_interrupt
 .rodata._ZTV9Convertor
                0x000000000800940c        0xc ./Core/Src/main.o
                0x000000000800940c                vtable for Convertor
 .rodata._ZTVN9Convertor17Holla_1_interruptE
                0x0000000008009418        0xc ./Core/Src/main.o
                0x0000000008009418                vtable for Convertor::Holla_1_interrupt
 .rodata._ZTVN9Convertor24adc_comparator_interruptE
                0x0000000008009424        0xc ./Core/Src/main.o
                0x0000000008009424                vtable for Convertor::adc_comparator_interrupt
 .rodata._ZTVN9Convertor14TIM3_interruptE
                0x0000000008009430        0xc ./Core/Src/main.o
                0x0000000008009430                vtable for Convertor::TIM3_interrupt
 .rodata._ZTV4ADC_
                0x000000000800943c        0xc ./Core/Src/main.o
                0x000000000800943c                vtable for ADC_
 .rodata._ZTVN4ADC_17ADC_INJ_interruptE
                0x0000000008009448        0xc ./Core/Src/main.o
                0x0000000008009448                vtable for ADC_::ADC_INJ_interrupt
 .rodata._ZTVN4ADC_13ADC_interruptE
                0x0000000008009454        0xc ./Core/Src/main.o
                0x0000000008009454                vtable for ADC_::ADC_interrupt
 .rodata._ZTV12Interrupting
                0x0000000008009460        0xc ./Core/Src/main.o
                0x0000000008009460                vtable for Interrupting
 .rodata._ZTV5Timer
                0x000000000800946c        0xc ./Core/Src/main.o
                0x000000000800946c                vtable for Timer
 .rodata._ZTV14TickSubscriber
                0x0000000008009478        0xc ./Core/Src/main.o
                0x0000000008009478                vtable for TickSubscriber
 .rodata._ZTV10Subscriber
                0x0000000008009484        0xc ./Core/Src/main.o
                0x0000000008009484                vtable for Subscriber
 .rodata.AHBPrescTable
                0x0000000008009490       0x10 ./Core/Src/system_stm32f1xx.o
                0x0000000008009490                AHBPrescTable
 .rodata.APBPrescTable
                0x00000000080094a0        0x8 ./Core/Src/system_stm32f1xx.o
                0x00000000080094a0                APBPrescTable
 .rodata.aPLLMULFactorTable.6594
                0x00000000080094a8       0x10 ./Drivers/STM32F1xx_HAL_Driver/Src/stm32f1xx_hal_rcc.o
 .rodata.aPredivFactorTable.6595
                0x00000000080094b8        0x2 ./Drivers/STM32F1xx_HAL_Driver/Src/stm32f1xx_hal_rcc.o
                0x00000000080094bc                . = ALIGN (0x4)
 *fill*         0x00000000080094ba        0x2 

.rel.dyn        0x00000000080094bc        0x0
 .rel.iplt      0x00000000080094bc        0x0 c:/st/stm32cubeide_1.7.0/stm32cubeide/plugins/com.st.stm32cube.ide.mcu.externaltools.gnu-tools-for-stm32.9-2020-q2-update.win32_2.0.0.202105311346/tools/bin/../lib/gcc/arm-none-eabi/9.3.1/thumb/v7-m/nofp/crtbegin.o

.ARM.extab      0x00000000080094bc        0x0
                0x00000000080094bc                . = ALIGN (0x4)
 *(.ARM.extab* .gnu.linkonce.armextab.*)
                0x00000000080094bc                . = ALIGN (0x4)

.ARM            0x00000000080094bc        0x0
                0x00000000080094bc                . = ALIGN (0x4)
                0x00000000080094bc                __exidx_start = .
 *(.ARM.exidx*)
                0x00000000080094bc                __exidx_end = .
                0x00000000080094bc                . = ALIGN (0x4)

.preinit_array  0x00000000080094bc        0x0
                0x00000000080094bc                . = ALIGN (0x4)
                0x00000000080094bc                PROVIDE (__preinit_array_start = .)
 *(.preinit_array*)
                0x00000000080094bc                PROVIDE (__preinit_array_end = .)
                0x00000000080094bc                . = ALIGN (0x4)

.init_array     0x00000000080094bc        0x8
                0x00000000080094bc                . = ALIGN (0x4)
                0x00000000080094bc                PROVIDE (__init_array_start = .)
 *(SORT_BY_NAME(.init_array.*))
 *(.init_array*)
 .init_array    0x00000000080094bc        0x4 c:/st/stm32cubeide_1.7.0/stm32cubeide/plugins/com.st.stm32cube.ide.mcu.externaltools.gnu-tools-for-stm32.9-2020-q2-update.win32_2.0.0.202105311346/tools/bin/../lib/gcc/arm-none-eabi/9.3.1/thumb/v7-m/nofp/crtbegin.o
 .init_array    0x00000000080094c0        0x4 ./Core/Src/main.o
                0x00000000080094c4                PROVIDE (__init_array_end = .)
                0x00000000080094c4                . = ALIGN (0x4)

.fini_array     0x00000000080094c4        0x4
                0x00000000080094c4                . = ALIGN (0x4)
                [!provide]                        PROVIDE (__fini_array_start = .)
 *(SORT_BY_NAME(.fini_array.*))
 *(.fini_array*)
 .fini_array    0x00000000080094c4        0x4 c:/st/stm32cubeide_1.7.0/stm32cubeide/plugins/com.st.stm32cube.ide.mcu.externaltools.gnu-tools-for-stm32.9-2020-q2-update.win32_2.0.0.202105311346/tools/bin/../lib/gcc/arm-none-eabi/9.3.1/thumb/v7-m/nofp/crtbegin.o
                [!provide]                        PROVIDE (__fini_array_end = .)
                0x00000000080094c8                . = ALIGN (0x4)
                0x00000000080094c8                _sidata = LOADADDR (.data)

.data           0x0000000020000000       0x74 load address 0x00000000080094c8
                0x0000000020000000                . = ALIGN (0x4)
                0x0000000020000000                _sdata = .
 *(.data)
 *(.data*)
 .data.SystemCoreClock
                0x0000000020000000        0x4 ./Core/Src/system_stm32f1xx.o
                0x0000000020000000                SystemCoreClock
 .data.uwTickPrio
                0x0000000020000004        0x4 ./Drivers/STM32F1xx_HAL_Driver/Src/stm32f1xx_hal.o
                0x0000000020000004                uwTickPrio
 .data.uwTickFreq
                0x0000000020000008        0x1 ./Drivers/STM32F1xx_HAL_Driver/Src/stm32f1xx_hal.o
                0x0000000020000008                uwTickFreq
 *fill*         0x0000000020000009        0x3 
 .data._ZN10__cxxabiv119__terminate_handlerE
                0x000000002000000c        0x4 c:/st/stm32cubeide_1.7.0/stm32cubeide/plugins/com.st.stm32cube.ide.mcu.externaltools.gnu-tools-for-stm32.9-2020-q2-update.win32_2.0.0.202105311346/tools/bin/../lib/gcc/arm-none-eabi/9.3.1/../../../../arm-none-eabi/lib/thumb/v7-m/nofp\libstdc++_nano.a(eh_term_handler.o)
                0x000000002000000c                __cxxabiv1::__terminate_handler
 .data._impure_ptr
                0x0000000020000010        0x4 c:/st/stm32cubeide_1.7.0/stm32cubeide/plugins/com.st.stm32cube.ide.mcu.externaltools.gnu-tools-for-stm32.9-2020-q2-update.win32_2.0.0.202105311346/tools/bin/../lib/gcc/arm-none-eabi/9.3.1/../../../../arm-none-eabi/lib/thumb/v7-m/nofp\libc_nano.a(lib_a-impure.o)
                0x0000000020000010                _impure_ptr
 .data.impure_data
                0x0000000020000014       0x60 c:/st/stm32cubeide_1.7.0/stm32cubeide/plugins/com.st.stm32cube.ide.mcu.externaltools.gnu-tools-for-stm32.9-2020-q2-update.win32_2.0.0.202105311346/tools/bin/../lib/gcc/arm-none-eabi/9.3.1/../../../../arm-none-eabi/lib/thumb/v7-m/nofp\libc_nano.a(lib_a-impure.o)
 *(.RamFunc)
 *(.RamFunc*)
                0x0000000020000074                . = ALIGN (0x4)
                0x0000000020000074                _edata = .

.igot.plt       0x0000000020000074        0x0 load address 0x000000000800953c
 .igot.plt      0x0000000020000074        0x0 c:/st/stm32cubeide_1.7.0/stm32cubeide/plugins/com.st.stm32cube.ide.mcu.externaltools.gnu-tools-for-stm32.9-2020-q2-update.win32_2.0.0.202105311346/tools/bin/../lib/gcc/arm-none-eabi/9.3.1/thumb/v7-m/nofp/crtbegin.o
                0x0000000020000074                . = ALIGN (0x4)

.bss            0x0000000020000074      0x2e8 load address 0x000000000800953c
                0x0000000020000074                _sbss = .
                0x0000000020000074                __bss_start__ = _sbss
 *(.bss)
 .bss           0x0000000020000074       0x1c c:/st/stm32cubeide_1.7.0/stm32cubeide/plugins/com.st.stm32cube.ide.mcu.externaltools.gnu-tools-for-stm32.9-2020-q2-update.win32_2.0.0.202105311346/tools/bin/../lib/gcc/arm-none-eabi/9.3.1/thumb/v7-m/nofp/crtbegin.o
 *(.bss*)
 .bss.systemtick
                0x0000000020000090        0x1 ./Core/Src/main.o
                0x0000000020000090                systemtick
 *fill*         0x0000000020000091        0x3 
 .bss.tickUpdater
                0x0000000020000094       0x70 ./Core/Src/main.o
                0x0000000020000094                tickUpdater
 .bss.hadc1     0x0000000020000104       0x30 ./Core/Src/main.o
                0x0000000020000104                hadc1
 .bss.hadc2     0x0000000020000134       0x30 ./Core/Src/main.o
                0x0000000020000134                hadc2
 .bss.hdma_adc1
                0x0000000020000164       0x44 ./Core/Src/main.o
                0x0000000020000164                hdma_adc1
 .bss.hcan      0x00000000200001a8       0x28 ./Core/Src/main.o
                0x00000000200001a8                hcan
 .bss.htim1     0x00000000200001d0       0x48 ./Core/Src/main.o
                0x00000000200001d0                htim1
 .bss.htim3     0x0000000020000218       0x48 ./Core/Src/main.o
                0x0000000020000218                htim3
 .bss.huart3    0x0000000020000260       0x48 ./Core/Src/main.o
                0x0000000020000260                huart3
 .bss.hdma_usart3_tx
                0x00000000200002a8       0x44 ./Core/Src/main.o
                0x00000000200002a8                hdma_usart3_tx
 .bss.hdma_usart3_rx
                0x00000000200002ec       0x44 ./Core/Src/main.o
                0x00000000200002ec                hdma_usart3_rx
 .bss.adc_callback
                0x0000000020000330        0x4 ./Core/Src/main.o
                0x0000000020000330                adc_callback
 .bss.adc_injected_callback
                0x0000000020000334        0x4 ./Core/Src/main.o
                0x0000000020000334                adc_injected_callback
 .bss.interrupt_dma
                0x0000000020000338        0x4 ./Core/Src/main.o
                0x0000000020000338                interrupt_dma
 .bss.interrupt_uart
                0x000000002000033c        0x4 ./Core/Src/main.o
                0x000000002000033c                interrupt_uart
 .bss.pin       0x0000000020000340        0x1 ./Core/Src/main.o
                0x0000000020000340                pin
 *fill*         0x0000000020000341        0x3 
 .bss.period_callback
                0x0000000020000344        0x4 ./Core/Src/main.o
                0x0000000020000344                period_callback
 .bss.adc_comparator_callback
                0x0000000020000348        0x4 ./Core/Src/main.o
                0x0000000020000348                adc_comparator_callback
 .bss.ext_holla_1_callback
                0x000000002000034c        0x4 ./Core/Src/main.o
                0x000000002000034c                ext_holla_1_callback
 .bss.interrupt_can_rx
                0x0000000020000350        0x4 ./Core/Src/main.o
                0x0000000020000350                interrupt_can_rx
 *(COMMON)
 COMMON         0x0000000020000354        0x4 ./Drivers/STM32F1xx_HAL_Driver/Src/stm32f1xx_hal.o
                0x0000000020000354                uwTick
 COMMON         0x0000000020000358        0x4 c:/st/stm32cubeide_1.7.0/stm32cubeide/plugins/com.st.stm32cube.ide.mcu.externaltools.gnu-tools-for-stm32.9-2020-q2-update.win32_2.0.0.202105311346/tools/bin/../lib/gcc/arm-none-eabi/9.3.1/../../../../arm-none-eabi/lib/thumb/v7-m/nofp\libc_nano.a(lib_a-reent.o)
                0x0000000020000358                errno
                0x000000002000035c                . = ALIGN (0x4)
                0x000000002000035c                _ebss = .
                0x000000002000035c                __bss_end__ = _ebss

._user_heap_stack
                0x000000002000035c      0x604 load address 0x000000000800953c
                0x0000000020000360                . = ALIGN (0x8)
 *fill*         0x000000002000035c        0x4 
                [!provide]                        PROVIDE (end = .)
                0x0000000020000360                PROVIDE (_end = .)
                0x0000000020000560                . = (. + _Min_Heap_Size)
 *fill*         0x0000000020000360      0x200 
                0x0000000020000960                . = (. + _Min_Stack_Size)
 *fill*         0x0000000020000560      0x400 
                0x0000000020000960                . = ALIGN (0x8)

/DISCARD/
 libc.a(*)
 libm.a(*)
 libgcc.a(*)

.ARM.attributes
                0x0000000000000000       0x29
 *(.ARM.attributes)
 .ARM.attributes
                0x0000000000000000       0x1d c:/st/stm32cubeide_1.7.0/stm32cubeide/plugins/com.st.stm32cube.ide.mcu.externaltools.gnu-tools-for-stm32.9-2020-q2-update.win32_2.0.0.202105311346/tools/bin/../lib/gcc/arm-none-eabi/9.3.1/thumb/v7-m/nofp/crti.o
 .ARM.attributes
                0x000000000000001d       0x2d c:/st/stm32cubeide_1.7.0/stm32cubeide/plugins/com.st.stm32cube.ide.mcu.externaltools.gnu-tools-for-stm32.9-2020-q2-update.win32_2.0.0.202105311346/tools/bin/../lib/gcc/arm-none-eabi/9.3.1/thumb/v7-m/nofp/crtbegin.o
 .ARM.attributes
                0x000000000000004a       0x2d ./Core/Src/main.o
 .ARM.attributes
                0x0000000000000077       0x2d ./Core/Src/stm32f1xx_hal_msp.o
 .ARM.attributes
                0x00000000000000a4       0x2d ./Core/Src/stm32f1xx_it.o
 .ARM.attributes
                0x00000000000000d1       0x2d ./Core/Src/syscalls.o
 .ARM.attributes
                0x00000000000000fe       0x2d ./Core/Src/system_stm32f1xx.o
 .ARM.attributes
                0x000000000000012b       0x21 ./Core/Startup/startup_stm32f103retx.o
 .ARM.attributes
                0x000000000000014c       0x2d ./Drivers/STM32F1xx_HAL_Driver/Src/stm32f1xx_hal.o
 .ARM.attributes
                0x0000000000000179       0x2d ./Drivers/STM32F1xx_HAL_Driver/Src/stm32f1xx_hal_adc.o
 .ARM.attributes
                0x00000000000001a6       0x2d ./Drivers/STM32F1xx_HAL_Driver/Src/stm32f1xx_hal_adc_ex.o
 .ARM.attributes
                0x00000000000001d3       0x2d ./Drivers/STM32F1xx_HAL_Driver/Src/stm32f1xx_hal_can.o
 .ARM.attributes
                0x0000000000000200       0x2d ./Drivers/STM32F1xx_HAL_Driver/Src/stm32f1xx_hal_cortex.o
 .ARM.attributes
                0x000000000000022d       0x2d ./Drivers/STM32F1xx_HAL_Driver/Src/stm32f1xx_hal_dma.o
 .ARM.attributes
                0x000000000000025a       0x2d ./Drivers/STM32F1xx_HAL_Driver/Src/stm32f1xx_hal_gpio.o
 .ARM.attributes
                0x0000000000000287       0x2d ./Drivers/STM32F1xx_HAL_Driver/Src/stm32f1xx_hal_rcc.o
 .ARM.attributes
                0x00000000000002b4       0x2d ./Drivers/STM32F1xx_HAL_Driver/Src/stm32f1xx_hal_rcc_ex.o
 .ARM.attributes
                0x00000000000002e1       0x2d ./Drivers/STM32F1xx_HAL_Driver/Src/stm32f1xx_hal_tim.o
 .ARM.attributes
                0x000000000000030e       0x2d ./Drivers/STM32F1xx_HAL_Driver/Src/stm32f1xx_hal_tim_ex.o
 .ARM.attributes
                0x000000000000033b       0x2d ./Drivers/STM32F1xx_HAL_Driver/Src/stm32f1xx_hal_uart.o
 .ARM.attributes
                0x0000000000000368       0x2d c:/st/stm32cubeide_1.7.0/stm32cubeide/plugins/com.st.stm32cube.ide.mcu.externaltools.gnu-tools-for-stm32.9-2020-q2-update.win32_2.0.0.202105311346/tools/bin/../lib/gcc/arm-none-eabi/9.3.1/../../../../arm-none-eabi/lib/thumb/v7-m/nofp\libstdc++_nano.a(pure.o)
 .ARM.attributes
                0x0000000000000395       0x2d c:/st/stm32cubeide_1.7.0/stm32cubeide/plugins/com.st.stm32cube.ide.mcu.externaltools.gnu-tools-for-stm32.9-2020-q2-update.win32_2.0.0.202105311346/tools/bin/../lib/gcc/arm-none-eabi/9.3.1/../../../../arm-none-eabi/lib/thumb/v7-m/nofp\libstdc++_nano.a(eh_terminate.o)
 .ARM.attributes
                0x00000000000003c2       0x2d c:/st/stm32cubeide_1.7.0/stm32cubeide/plugins/com.st.stm32cube.ide.mcu.externaltools.gnu-tools-for-stm32.9-2020-q2-update.win32_2.0.0.202105311346/tools/bin/../lib/gcc/arm-none-eabi/9.3.1/../../../../arm-none-eabi/lib/thumb/v7-m/nofp\libstdc++_nano.a(eh_term_handler.o)
 .ARM.attributes
                0x00000000000003ef       0x2d c:/st/stm32cubeide_1.7.0/stm32cubeide/plugins/com.st.stm32cube.ide.mcu.externaltools.gnu-tools-for-stm32.9-2020-q2-update.win32_2.0.0.202105311346/tools/bin/../lib/gcc/arm-none-eabi/9.3.1/../../../../arm-none-eabi/lib/thumb/v7-m/nofp\libc_nano.a(lib_a-abort.o)
 .ARM.attributes
                0x000000000000041c       0x2d c:/st/stm32cubeide_1.7.0/stm32cubeide/plugins/com.st.stm32cube.ide.mcu.externaltools.gnu-tools-for-stm32.9-2020-q2-update.win32_2.0.0.202105311346/tools/bin/../lib/gcc/arm-none-eabi/9.3.1/../../../../arm-none-eabi/lib/thumb/v7-m/nofp\libc_nano.a(lib_a-errno.o)
 .ARM.attributes
                0x0000000000000449       0x2d c:/st/stm32cubeide_1.7.0/stm32cubeide/plugins/com.st.stm32cube.ide.mcu.externaltools.gnu-tools-for-stm32.9-2020-q2-update.win32_2.0.0.202105311346/tools/bin/../lib/gcc/arm-none-eabi/9.3.1/../../../../arm-none-eabi/lib/thumb/v7-m/nofp\libc_nano.a(lib_a-impure.o)
 .ARM.attributes
                0x0000000000000476       0x2d c:/st/stm32cubeide_1.7.0/stm32cubeide/plugins/com.st.stm32cube.ide.mcu.externaltools.gnu-tools-for-stm32.9-2020-q2-update.win32_2.0.0.202105311346/tools/bin/../lib/gcc/arm-none-eabi/9.3.1/../../../../arm-none-eabi/lib/thumb/v7-m/nofp\libc_nano.a(lib_a-init.o)
 .ARM.attributes
                0x00000000000004a3       0x2d c:/st/stm32cubeide_1.7.0/stm32cubeide/plugins/com.st.stm32cube.ide.mcu.externaltools.gnu-tools-for-stm32.9-2020-q2-update.win32_2.0.0.202105311346/tools/bin/../lib/gcc/arm-none-eabi/9.3.1/../../../../arm-none-eabi/lib/thumb/v7-m/nofp\libc_nano.a(lib_a-memset.o)
 .ARM.attributes
                0x00000000000004d0       0x2d c:/st/stm32cubeide_1.7.0/stm32cubeide/plugins/com.st.stm32cube.ide.mcu.externaltools.gnu-tools-for-stm32.9-2020-q2-update.win32_2.0.0.202105311346/tools/bin/../lib/gcc/arm-none-eabi/9.3.1/../../../../arm-none-eabi/lib/thumb/v7-m/nofp\libc_nano.a(lib_a-signal.o)
 .ARM.attributes
                0x00000000000004fd       0x2d c:/st/stm32cubeide_1.7.0/stm32cubeide/plugins/com.st.stm32cube.ide.mcu.externaltools.gnu-tools-for-stm32.9-2020-q2-update.win32_2.0.0.202105311346/tools/bin/../lib/gcc/arm-none-eabi/9.3.1/../../../../arm-none-eabi/lib/thumb/v7-m/nofp\libc_nano.a(lib_a-signalr.o)
 .ARM.attributes
                0x000000000000052a       0x2d c:/st/stm32cubeide_1.7.0/stm32cubeide/plugins/com.st.stm32cube.ide.mcu.externaltools.gnu-tools-for-stm32.9-2020-q2-update.win32_2.0.0.202105311346/tools/bin/../lib/gcc/arm-none-eabi/9.3.1/../../../../arm-none-eabi/lib/thumb/v7-m/nofp\libc_nano.a(lib_a-reent.o)
 .ARM.attributes
                0x0000000000000557       0x1d c:/st/stm32cubeide_1.7.0/stm32cubeide/plugins/com.st.stm32cube.ide.mcu.externaltools.gnu-tools-for-stm32.9-2020-q2-update.win32_2.0.0.202105311346/tools/bin/../lib/gcc/arm-none-eabi/9.3.1/thumb/v7-m/nofp\libgcc.a(_arm_mulsf3.o)
 .ARM.attributes
                0x0000000000000574       0x1d c:/st/stm32cubeide_1.7.0/stm32cubeide/plugins/com.st.stm32cube.ide.mcu.externaltools.gnu-tools-for-stm32.9-2020-q2-update.win32_2.0.0.202105311346/tools/bin/../lib/gcc/arm-none-eabi/9.3.1/thumb/v7-m/nofp\libgcc.a(_arm_addsubsf3.o)
 .ARM.attributes
                0x0000000000000591       0x1d c:/st/stm32cubeide_1.7.0/stm32cubeide/plugins/com.st.stm32cube.ide.mcu.externaltools.gnu-tools-for-stm32.9-2020-q2-update.win32_2.0.0.202105311346/tools/bin/../lib/gcc/arm-none-eabi/9.3.1/thumb/v7-m/nofp\libgcc.a(_arm_fixunssfsi.o)
 .ARM.attributes
                0x00000000000005ae       0x1d c:/st/stm32cubeide_1.7.0/stm32cubeide/plugins/com.st.stm32cube.ide.mcu.externaltools.gnu-tools-for-stm32.9-2020-q2-update.win32_2.0.0.202105311346/tools/bin/../lib/gcc/arm-none-eabi/9.3.1/thumb/v7-m/nofp/crtn.o
OUTPUT(EDD.elf elf32-littlearm)
LOAD linker stubs
LOAD c:/st/stm32cubeide_1.7.0/stm32cubeide/plugins/com.st.stm32cube.ide.mcu.externaltools.gnu-tools-for-stm32.9-2020-q2-update.win32_2.0.0.202105311346/tools/bin/../lib/gcc/arm-none-eabi/9.3.1/../../../../arm-none-eabi/lib/thumb/v7-m/nofp\libc.a
LOAD c:/st/stm32cubeide_1.7.0/stm32cubeide/plugins/com.st.stm32cube.ide.mcu.externaltools.gnu-tools-for-stm32.9-2020-q2-update.win32_2.0.0.202105311346/tools/bin/../lib/gcc/arm-none-eabi/9.3.1/../../../../arm-none-eabi/lib/thumb/v7-m/nofp\libm.a
LOAD c:/st/stm32cubeide_1.7.0/stm32cubeide/plugins/com.st.stm32cube.ide.mcu.externaltools.gnu-tools-for-stm32.9-2020-q2-update.win32_2.0.0.202105311346/tools/bin/../lib/gcc/arm-none-eabi/9.3.1/thumb/v7-m/nofp\libgcc.a

.debug_info     0x0000000000000000    0x1b6cc
 .debug_info    0x0000000000000000     0xaf7b ./Core/Src/main.o
 .debug_info    0x000000000000af7b     0x170b ./Core/Src/stm32f1xx_hal_msp.o
 .debug_info    0x000000000000c686     0x111c ./Core/Src/stm32f1xx_it.o
 .debug_info    0x000000000000d7a2      0xfa8 ./Core/Src/syscalls.o
 .debug_info    0x000000000000e74a      0x2be ./Core/Src/system_stm32f1xx.o
 .debug_info    0x000000000000ea08       0x22 ./Core/Startup/startup_stm32f103retx.o
 .debug_info    0x000000000000ea2a      0x7d0 ./Drivers/STM32F1xx_HAL_Driver/Src/stm32f1xx_hal.o
 .debug_info    0x000000000000f1fa      0xd52 ./Drivers/STM32F1xx_HAL_Driver/Src/stm32f1xx_hal_adc.o
 .debug_info    0x000000000000ff4c      0xaac ./Drivers/STM32F1xx_HAL_Driver/Src/stm32f1xx_hal_adc_ex.o
 .debug_info    0x00000000000109f8     0x10b9 ./Drivers/STM32F1xx_HAL_Driver/Src/stm32f1xx_hal_can.o
 .debug_info    0x0000000000011ab1      0xc42 ./Drivers/STM32F1xx_HAL_Driver/Src/stm32f1xx_hal_cortex.o
 .debug_info    0x00000000000126f3      0x823 ./Drivers/STM32F1xx_HAL_Driver/Src/stm32f1xx_hal_dma.o
 .debug_info    0x0000000000012f16      0x701 ./Drivers/STM32F1xx_HAL_Driver/Src/stm32f1xx_hal_gpio.o