gthr-default.h:229:1:int __gthread_key_delete(__gthread_key_t)	16	static
subscriber.h:23:10:void Publisher::subscribe(Subscriber*)	16	static
subscriber.h:24:10:void Publisher::unsubscribe(Subscriber*)	16	static
subscriber.h:25:10:void Publisher::notify()	24	static
subscriber.h:19:8:Publisher::Publisher()	16	static
timers.h:30:12:TickUpdater::Subtick::Subtick()	16	static
timers.h:23:5:TickUpdater::TickUpdater()	16	static
timers.h:37:6:void HAL_IncTick()	8	static
timers.h:46:9:void TickSubscriber::subscribe()	16	static
timers.h:53:9:void TickSubscriber::unsubscribe()	16	static
subscriber.h:15:8:constexpr Subscriber::Subscriber()	16	static
timers.h:42:7:TickSubscriber::TickSubscriber()	16	static
timers.h:67:3:Timer::Timer()	16	static
timers.h:92:8:virtual void Timer::notify()	16	static
timers.h:116:51:TickUpdater::interrupt()::<lambda()>	16	static
timers.h:113:6:void TickUpdater::interrupt()	16	static
timers.h:122:6:void Timer::start(uint32_t)	16	static
timers.h:128:6:bool Timer::event()	16	static
timers.h:147:6:void Timer::stop()	16	static
timers.h:152:10:bool Timer::done()	16	static
timers.h:153:10:void Timer::pause()	16	static
timers.h:154:10:void Timer::start()	16	static
timers.h:155:10:bool Timer::isCount()	16	static
timers.h:156:10:uint32_t Timer::timePassed()	16	static
timers.h:157:10:uint32_t Timer::timeLeft()	16	static
timers.h:158:10:bool Timer::isGreater(uint32_t)	16	static
pin.h:9:2:Pin::Pin(GPIO_TypeDef*, uint16_t)	24	static
pin.h:16:9:void Pin::set()	16	static
pin.h:17:9:void Pin::clear()	16	static
pin.h:18:9:bool Pin::is_set()	16	static
pin.h:24:9:bool Pin::operator=(bool)	16	static
pin.h:36:4:Pin::operator bool()	16	static
interrupt.h:14:10:void Interrupt::subscribe(Interrupting*)	16	static
interrupt.h:21:10:void Interrupt::interrupt()	16	static
adc.h:39:7:void ADC_::adc_interrupt()	16	static
adc.h:43:7:void ADC_::adc_injected_interrupt()	24	static
interrupt.h:3:8:constexpr Interrupting::Interrupting()	16	static
adc.h:74:3:ADC_::ADC_interrupt::ADC_interrupt(ADC_::Parent&)	16	static
adc.h:78:8:virtual void ADC_::ADC_interrupt::interrupt()	16	static
adc.h:85:3:ADC_::ADC_INJ_interrupt::ADC_INJ_interrupt(ADC_::Parent&)	16	static
adc.h:89:8:virtual void ADC_::ADC_INJ_interrupt::interrupt()	16	static
adc.h:96:2:ADC_::ADC_(Interrupt&, Interrupt&, uint8_t, uint16_t)	24	static
adc.h:109:7:void ADC_::measure_offset()	16	static
adc.h:113:7:void ADC_::measure_value()	16	static
adc.h:117:11:uint16_t ADC_::operator[](uint8_t)	16	static
adc.h:121:11:uint16_t ADC_::current_value()	16	static
adc.h:132:7:virtual void ADC_::notify()	16	static
adc.h:147:6:void HAL_ADC_ConvCpltCallback(ADC_HandleTypeDef*)	16	static
adc.h:154:6:void HAL_ADCEx_InjectedConvCpltCallback(ADC_HandleTypeDef*)	16	static
service.h:175:6:void HAL_UART_TxCpltCallback(UART_HandleTypeDef*)	16	static
service.h:181:6:void HAL_UARTEx_RxEventCallback(UART_HandleTypeDef*, uint16_t)	16	static
convertor.h:44:3:Convertor::TIM3_interrupt::TIM3_interrupt(Convertor::Parent&)	16	static
convertor.h:48:8:virtual void Convertor::TIM3_interrupt::interrupt()	16	static
convertor.h:55:3:Convertor::adc_comparator_interrupt::adc_comparator_interrupt(Convertor::Parent&)	16	static
convertor.h:59:8:virtual void Convertor::adc_comparator_interrupt::interrupt()	16	static
convertor.h:66:3:Convertor::Holla_1_interrupt::Holla_1_interrupt(Convertor::Parent&)	16	static
convertor.h:70:8:virtual void Convertor::Holla_1_interrupt::interrupt()	16	static
convertor.h:75:7:void Convertor::period_interrupt()	16	static
convertor.h:80:7:void Convertor::comparator_interrupt()	16	static
convertor.h:84:7:void Convertor::holla_1_callback()	24	static
convertor.h:239:2:Convertor::Convertor(ADC_&, Interrupt&, Interrupt&, Interrupt&, Pin&, Pin&, Pin&, Pin&, Pin&, Pin&)	32	static
convertor.h:264:7:void Convertor::forward()	16	static
convertor.h:276:7:void Convertor::back()	16	static
convertor.h:287:7:void Convertor::power(uint16_t)	16	static
convertor.h:292:10:int16_t Convertor::steps()	16	static
convertor.h:296:7:void Convertor::reset_steps()	16	static
convertor.h:304:7:void Convertor::fix()	16	static
convertor.h:310:7:void Convertor::current_fix()	16	static
convertor.h:327:7:void Convertor::current_stop()	16	static
convertor.h:344:7:void Convertor::pusk()	16	static
convertor.h:377:7:void Convertor::stop()	16	static
convertor.h:412:7:bool Convertor::is_work()	16	static
convertor.h:416:7:bool Convertor::is_start()	16	static
convertor.h:420:7:void Convertor::equal_step()	16	static
convertor.h:424:7:virtual void Convertor::notify()	16	static
convertor.h:455:6:void HAL_TIM_PeriodElapsedCallback(TIM_HandleTypeDef*)	16	static
convertor.h:462:6:void HAL_ADC_LevelOutOfWindowCallback(ADC_HandleTypeDef*)	16	static
convertor.h:469:6:void HAL_GPIO_EXTI_Callback(uint16_t)	16	static
can.h:186:6:void HAL_CAN_RxFifo0MsgPendingCallback(CAN_HandleTypeDef*)	16	static
driver.h:42:2:Driver::Driver(CAN<In_id, Out_id>&, Service<In_data, Out_data>&, Convertor&, Pin&, Pin&, Pin&, Pin&, Pin&, Pin&, Pin&, Pin&, Pin&)	24	static
driver.h:52:7:void Driver::operator()()	24	static
main.cpp:86:5:int main()	760	static
main.cpp:171:6:void SystemClock_Config()	96	static
main.cpp:217:13:void MX_ADC1_Init()	24	static
main.cpp:278:13:void MX_ADC2_Init()	40	static
main.cpp:328:13:void MX_CAN_Init()	48	static
main.cpp:382:13:void MX_TIM1_Init()	80	static
main.cpp:455:13:void MX_TIM3_Init()	48	static
main.cpp:503:13:void MX_USART3_UART_Init()	8	static
main.cpp:534:13:void MX_DMA_Init()	16	static
main.cpp:558:13:void MX_GPIO_Init()	40	static
main.cpp:636:6:void Error_Handler()	4	static,ignoring_inline_asm
static_vector.h:22:10:void Static_vector<T, size_>::push_back(T) [with T = Subscriber*; unsigned char size_ = 12]	16	static
static_vector.h:27:10:void Static_vector<T, size_>::remove(T) [with T = Subscriber*; unsigned char size_ = 12]	24	static
static_vector.h:20:13:uint8_t Static_vector<T, size_>::cend() const [with T = Subscriber*; unsigned char size_ = 12]	16	static
static_vector.h:46:7:T Static_vector<T, size_>::operator[](size_t) const [with T = Subscriber*; unsigned char size_ = 12]	16	static
static_vector.h:18:5:Static_vector<T, size_>::Static_vector() [with T = Subscriber*; unsigned char size_ = 12]	16	static
systick.h:13:30:void SystemTick::initInterrupt() [with short unsigned int us = 1000]	16	static
timers.h:107:13:void every_qty_cnt_call(size_t&, size_t, Function) [with Function = TickUpdater::interrupt()::<lambda()>]	24	static
service.h:132:7:void Service<In_data_t, Out_data_t>::operator()() [with In_data_t = In_data; Out_data_t = Out_data]	16	static
uart.h:15:2:UART_<buffer_size>::UART_(Pin&) [with unsigned int buffer_size = 26]	16	static
can.h:86:3:CAN<InID_t, OutID_t>::CAN(Pin&, Interrupt&, uint16_t) [with InID_t = In_id; OutID_t = Out_id]	24	static
service.h:117:2:Service<In_data_t, Out_data_t>::Service(ADC_&, UART_<>&, Interrupt&, Interrupt&) [with In_data_t = In_data; Out_data_t = Out_data]	24	static
net_buffer.h:29:13:uint8_t Net_buffer<size_>::operator[](int) [with unsigned char size_ = 26]	16	static
net_buffer.h:11:10:void Net_buffer<size_>::clear() [with unsigned char size_ = 26]	16	static
net_buffer.h:101:20:Net_buffer<size_>& Net_buffer<size_>::operator<<(uint16_t) [with unsigned char size_ = 26]	24	static
net_buffer.h:81:20:Net_buffer<size_>& Net_buffer<size_>::operator<<(char) [with unsigned char size_ = 26]	16	static
net_buffer.h:14:13:uint8_t Net_buffer<size_>::size() [with unsigned char size_ = 26]	16	static
uart.h:19:7:void UART_<buffer_size>::transmit() [with unsigned int buffer_size = 26]	24	static
uart.h:25:7:void UART_<buffer_size>::receive() [with unsigned int buffer_size = 26]	16	static
net_buffer.h:7:5:Net_buffer<size_>::Net_buffer() [with unsigned char size_ = 26]	16	static
can.h:116:7:CAN<InID_t, OutID_t>::can_rx_interrupt::can_rx_interrupt(CAN<InID_t, OutID_t>::Parent&) [with InID_t = In_id; OutID_t = Out_id]	16	static
service.h:75:3:Service<In_data_t, Out_data_t>::uart_interrupt::uart_interrupt(Service<In_data_t, Out_data_t>::Parent&) [with In_data_t = In_data; Out_data_t = Out_data]	16	static
service.h:86:3:Service<In_data_t, Out_data_t>::dma_interrupt::dma_interrupt(Service<In_data_t, Out_data_t>::Parent&) [with In_data_t = In_data; Out_data_t = Out_data]	16	static
net_buffer.h:39:10:void Net_buffer<size_>::to_bytes(uint16_t, uint8_t&, uint8_t&) [with unsigned char size_ = 26]	32	static
net_buffer.h:71:20:Net_buffer<size_>& Net_buffer<size_>::operator<<(uint8_t) [with unsigned char size_ = 26]	16	static
net_buffer.h:16:14:uint8_t* Net_buffer<size_>::ptr() [with unsigned char size_ = 26]	16	static
main.cpp:645:1:void __static_initialization_and_destruction_0(int, int)	16	static
can.h:172:8:void CAN<InID_t, OutID_t>::notify() [with InID_t = In_id; OutID_t = Out_id]	16	static
can.h:119:12:void CAN<InID_t, OutID_t>::can_rx_interrupt::interrupt() [with InID_t = In_id; OutID_t = Out_id]	16	static
service.h:90:8:void Service<In_data_t, Out_data_t>::dma_interrupt::interrupt() [with In_data_t = In_data; Out_data_t = Out_data]	16	static
service.h:79:8:void Service<In_data_t, Out_data_t>::uart_interrupt::interrupt() [with In_data_t = In_data; Out_data_t = Out_data]	16	static
can.h:123:8:void CAN<InID_t, OutID_t>::transmit() [with InID_t = In_id; OutID_t = Out_id]	24	static
can.h:141:8:void CAN<InID_t, OutID_t>::receive() [with InID_t = In_id; OutID_t = Out_id]	16	static
service.h:67:7:void Service<In_data_t, Out_data_t>::dmaInterrupt() [with In_data_t = In_data; Out_data_t = Out_data]	16	static
service.h:62:7:void Service<In_data_t, Out_data_t>::uartInterrupt() [with In_data_t = In_data; Out_data_t = Out_data]	16	static
can.h:162:8:void CAN<InID_t, OutID_t>::start_transmit() [with InID_t = In_id; OutID_t = Out_id]	16	static
main.cpp:645:1:cpp)	8	static
