stm32f1xx_it.c:78:6:NMI_Handler	4	static
stm32f1xx_it.c:93:6:HardFault_Handler	8	static
stm32f1xx_it.c:120:6:MemManage_Handler	4	static
stm32f1xx_it.c:135:6:BusFault_Handler	4	static
stm32f1xx_it.c:150:6:UsageFault_Handler	4	static
stm32f1xx_it.c:165:6:SVC_Handler	4	static
stm32f1xx_it.c:178:6:DebugMon_Handler	4	static
stm32f1xx_it.c:191:6:PendSV_Handler	4	static
stm32f1xx_it.c:204:6:SysTick_Handler	8	static
stm32f1xx_it.c:226:6:EXTI0_IRQHandler	8	static
stm32f1xx_it.c:240:6:EXTI1_IRQHandler	8	static
stm32f1xx_it.c:254:6:DMA1_Channel1_IRQHandler	8	static
stm32f1xx_it.c:268:6:DMA1_Channel2_IRQHandler	8	static
stm32f1xx_it.c:282:6:DMA1_Channel3_IRQHandler	8	static
stm32f1xx_it.c:296:6:ADC1_2_IRQHandler	8	static
stm32f1xx_it.c:311:6:USB_LP_CAN1_RX0_IRQHandler	8	static
stm32f1xx_it.c:325:6:EXTI9_5_IRQHandler	8	static
stm32f1xx_it.c:339:6:TIM3_IRQHandler	8	static
stm32f1xx_it.c:353:6:USART3_IRQHandler	8	static
