stm32f1xx_it.c:76:6:NMI_Handler	4	static
stm32f1xx_it.c:91:6:HardFault_Handler	8	static
stm32f1xx_it.c:118:6:MemManage_Handler	4	static
stm32f1xx_it.c:133:6:BusFault_Handler	4	static
stm32f1xx_it.c:148:6:UsageFault_Handler	4	static
stm32f1xx_it.c:163:6:SVC_Handler	4	static
stm32f1xx_it.c:176:6:DebugMon_Handler	4	static
stm32f1xx_it.c:189:6:PendSV_Handler	4	static
stm32f1xx_it.c:202:6:SysTick_Handler	8	static
stm32f1xx_it.c:224:6:EXTI0_IRQHandler	8	static
stm32f1xx_it.c:238:6:EXTI1_IRQHandler	8	static
stm32f1xx_it.c:252:6:DMA1_Channel1_IRQHandler	8	static
stm32f1xx_it.c:266:6:DMA1_Channel2_IRQHandler	8	static
stm32f1xx_it.c:280:6:DMA1_Channel3_IRQHandler	8	static
stm32f1xx_it.c:294:6:ADC1_2_IRQHandler	8	static
stm32f1xx_it.c:309:6:EXTI9_5_IRQHandler	8	static
stm32f1xx_it.c:323:6:TIM3_IRQHandler	8	static
stm32f1xx_it.c:337:6:USART3_IRQHandler	8	static
